Archive member included to satisfy reference by file (symbol)

f:/quartus_18/nios2eds/bin/gnu/h-x86_64-mingw32/bin/../lib/gcc/nios2-elf/5.3.0\libgcc.a(_fixunssfsi.o)
                              obj/default/main.o (__fixunssfsi)
f:/quartus_18/nios2eds/bin/gnu/h-x86_64-mingw32/bin/../lib/gcc/nios2-elf/5.3.0\libgcc.a(divsf3.o)
                              obj/default/main.o (__divsf3)
f:/quartus_18/nios2eds/bin/gnu/h-x86_64-mingw32/bin/../lib/gcc/nios2-elf/5.3.0\libgcc.a(gesf2.o)
                              f:/quartus_18/nios2eds/bin/gnu/h-x86_64-mingw32/bin/../lib/gcc/nios2-elf/5.3.0\libgcc.a(_fixunssfsi.o) (__gesf2)
f:/quartus_18/nios2eds/bin/gnu/h-x86_64-mingw32/bin/../lib/gcc/nios2-elf/5.3.0\libgcc.a(mulsf3.o)
                              obj/default/main.o (__mulsf3)
f:/quartus_18/nios2eds/bin/gnu/h-x86_64-mingw32/bin/../lib/gcc/nios2-elf/5.3.0\libgcc.a(subsf3.o)
                              f:/quartus_18/nios2eds/bin/gnu/h-x86_64-mingw32/bin/../lib/gcc/nios2-elf/5.3.0\libgcc.a(_fixunssfsi.o) (__subsf3)
f:/quartus_18/nios2eds/bin/gnu/h-x86_64-mingw32/bin/../lib/gcc/nios2-elf/5.3.0\libgcc.a(fixsfsi.o)
                              f:/quartus_18/nios2eds/bin/gnu/h-x86_64-mingw32/bin/../lib/gcc/nios2-elf/5.3.0\libgcc.a(_fixunssfsi.o) (__fixsfsi)
f:/quartus_18/nios2eds/bin/gnu/h-x86_64-mingw32/bin/../lib/gcc/nios2-elf/5.3.0\libgcc.a(floatsisf.o)
                              obj/default/main.o (__floatsisf)
f:/quartus_18/nios2eds/bin/gnu/h-x86_64-mingw32/bin/../lib/gcc/nios2-elf/5.3.0\libgcc.a(_clzsi2.o)
                              f:/quartus_18/nios2eds/bin/gnu/h-x86_64-mingw32/bin/../lib/gcc/nios2-elf/5.3.0\libgcc.a(divsf3.o) (__clzsi2)
f:/quartus_18/nios2eds/bin/gnu/h-x86_64-mingw32/bin/../lib/gcc/nios2-elf/5.3.0\libgcc.a(_clz.o)
                              f:/quartus_18/nios2eds/bin/gnu/h-x86_64-mingw32/bin/../lib/gcc/nios2-elf/5.3.0\libgcc.a(_clzsi2.o) (__clz_tab)
f:/quartus_18/nios2eds/bin/gnu/h-x86_64-mingw32/bin/../lib/gcc/nios2-elf/5.3.0/../../../../../H-x86_64-mingw32/nios2-elf/lib\libc.a(lib_a-fclose.o)
                              obj/default/main.o (fclose)
f:/quartus_18/nios2eds/bin/gnu/h-x86_64-mingw32/bin/../lib/gcc/nios2-elf/5.3.0/../../../../../H-x86_64-mingw32/nios2-elf/lib\libc.a(lib_a-fflush.o)
                              f:/quartus_18/nios2eds/bin/gnu/h-x86_64-mingw32/bin/../lib/gcc/nios2-elf/5.3.0/../../../../../H-x86_64-mingw32/nios2-elf/lib\libc.a(lib_a-fclose.o) (__sflush_r)
f:/quartus_18/nios2eds/bin/gnu/h-x86_64-mingw32/bin/../lib/gcc/nios2-elf/5.3.0/../../../../../H-x86_64-mingw32/nios2-elf/lib\libc.a(lib_a-findfp.o)
                              f:/quartus_18/nios2eds/bin/gnu/h-x86_64-mingw32/bin/../lib/gcc/nios2-elf/5.3.0/../../../../../H-x86_64-mingw32/nios2-elf/lib\libc.a(lib_a-fclose.o) (__sinit)
f:/quartus_18/nios2eds/bin/gnu/h-x86_64-mingw32/bin/../lib/gcc/nios2-elf/5.3.0/../../../../../H-x86_64-mingw32/nios2-elf/lib\libc.a(lib_a-fopen.o)
                              obj/default/main.o (fopen)
f:/quartus_18/nios2eds/bin/gnu/h-x86_64-mingw32/bin/../lib/gcc/nios2-elf/5.3.0/../../../../../H-x86_64-mingw32/nios2-elf/lib\libc.a(lib_a-fprintf.o)
                              obj/default/main.o (fprintf)
f:/quartus_18/nios2eds/bin/gnu/h-x86_64-mingw32/bin/../lib/gcc/nios2-elf/5.3.0/../../../../../H-x86_64-mingw32/nios2-elf/lib\libc.a(lib_a-freer.o)
                              f:/quartus_18/nios2eds/bin/gnu/h-x86_64-mingw32/bin/../lib/gcc/nios2-elf/5.3.0/../../../../../H-x86_64-mingw32/nios2-elf/lib\libc.a(lib_a-fclose.o) (_free_r)
f:/quartus_18/nios2eds/bin/gnu/h-x86_64-mingw32/bin/../lib/gcc/nios2-elf/5.3.0/../../../../../H-x86_64-mingw32/nios2-elf/lib\libc.a(lib_a-fseek.o)
                              f:/quartus_18/nios2eds/bin/gnu/h-x86_64-mingw32/bin/../lib/gcc/nios2-elf/5.3.0/../../../../../H-x86_64-mingw32/nios2-elf/lib\libc.a(lib_a-fopen.o) (_fseek_r)
f:/quartus_18/nios2eds/bin/gnu/h-x86_64-mingw32/bin/../lib/gcc/nios2-elf/5.3.0/../../../../../H-x86_64-mingw32/nios2-elf/lib\libc.a(lib_a-fseeko.o)
                              f:/quartus_18/nios2eds/bin/gnu/h-x86_64-mingw32/bin/../lib/gcc/nios2-elf/5.3.0/../../../../../H-x86_64-mingw32/nios2-elf/lib\libc.a(lib_a-fseek.o) (_fseeko_r)
f:/quartus_18/nios2eds/bin/gnu/h-x86_64-mingw32/bin/../lib/gcc/nios2-elf/5.3.0/../../../../../H-x86_64-mingw32/nios2-elf/lib\libc.a(lib_a-fstatr.o)
                              f:/quartus_18/nios2eds/bin/gnu/h-x86_64-mingw32/bin/../lib/gcc/nios2-elf/5.3.0/../../../../../H-x86_64-mingw32/nios2-elf/lib\libc.a(lib_a-fseeko.o) (_fstat_r)
f:/quartus_18/nios2eds/bin/gnu/h-x86_64-mingw32/bin/../lib/gcc/nios2-elf/5.3.0/../../../../../H-x86_64-mingw32/nios2-elf/lib\libc.a(lib_a-fwalk.o)
                              f:/quartus_18/nios2eds/bin/gnu/h-x86_64-mingw32/bin/../lib/gcc/nios2-elf/5.3.0/../../../../../H-x86_64-mingw32/nios2-elf/lib\libc.a(lib_a-findfp.o) (_fwalk)
[...]
Memory Configuration

Name             Origin             Length             Attributes
reset            0x0000000008000000 0x0000000000000020
SDRAM            0x0000000008000020 0x0000000007ffffe0
*default*        0x0000000000000000 0xffffffffffffffff

Linker script and memory map

LOAD ../NiosII_Screen_Reader_bsp//obj/HAL/src/crt0.o
LOAD obj/default/main.o
LOAD f:/quartus_18/nios2eds/bin/gnu/h-x86_64-mingw32/bin/../lib/gcc/nios2-elf/5.3.0/../../../../../H-x86_64-mingw32/nios2-elf/lib\libstdc++.a
LOAD f:/quartus_18/nios2eds/bin/gnu/h-x86_64-mingw32/bin/../lib/gcc/nios2-elf/5.3.0/../../../../../H-x86_64-mingw32/nios2-elf/lib\libm.a
LOAD f:/quartus_18/nios2eds/bin/gnu/h-x86_64-mingw32/bin/../lib/gcc/nios2-elf/5.3.0\libgcc.a
START GROUP
LOAD f:/quartus_18/nios2eds/bin/gnu/h-x86_64-mingw32/bin/../lib/gcc/nios2-elf/5.3.0/../../../../../H-x86_64-mingw32/nios2-elf/lib\libc.a
LOAD f:/quartus_18/nios2eds/bin/gnu/h-x86_64-mingw32/bin/../lib/gcc/nios2-elf/5.3.0\libgcc.a
LOAD ../NiosII_Screen_Reader_bsp/\libhal_bsp.a
LOAD f:/quartus_18/nios2eds/bin/gnu/h-x86_64-mingw32/bin/../lib/gcc/nios2-elf/5.3.0/../../../../../H-x86_64-mingw32/nios2-elf/lib\libm.a
END GROUP
LOAD f:/quartus_18/nios2eds/bin/gnu/h-x86_64-mingw32/bin/../lib/gcc/nios2-elf/5.3.0\libgcc.a
                0x0000000008000000                __alt_mem_SDRAM = 0x8000000

.entry          0x0000000008000000       0x20
 *(.entry)
 .entry         0x0000000008000000       0x20 ../NiosII_Screen_Reader_bsp//obj/HAL/src/crt0.o
                0x0000000008000000                __reset

.exceptions     0x0000000008000020      0x224
                0x0000000008000020                PROVIDE (__ram_exceptions_start, ABSOLUTE (.))
                0x0000000008000020                . = ALIGN (0x20)
 *(.irq)
 *(.exceptions.entry.label)
 .exceptions.entry.label
                0x0000000008000020        0x0 ../NiosII_Screen_Reader_bsp/\libhal_bsp.a(alt_irq_entry.o)
                0x0000000008000020                alt_irq_entry
 .exceptions.entry.label
                0x0000000008000020        0x0 ../NiosII_Screen_Reader_bsp/\libhal_bsp.a(alt_exception_entry.o)
                0x0000000008000020                alt_exception
 *(.exceptions.entry.user)
 *(.exceptions.entry.ecc_fatal)
 *(.exceptions.entry)
 .exceptions.entry
                0x0000000008000020       0x54 ../NiosII_Screen_Reader_bsp/\libhal_bsp.a(alt_exception_entry.o)
 *(.exceptions.irqtest.user)
 *(.exceptions.irqtest)
 .exceptions.irqtest
                0x0000000008000074       0x10 ../NiosII_Screen_Reader_bsp/\libhal_bsp.a(alt_irq_entry.o)
 *(.exceptions.irqhandler.user)
 *(.exceptions.irqhandler)
 .exceptions.irqhandler
                0x0000000008000084        0x4 ../NiosII_Screen_Reader_bsp/\libhal_bsp.a(alt_irq_entry.o)
 *(.exceptions.irqreturn.user)
 *(.exceptions.irqreturn)
 .exceptions.irqreturn
                0x0000000008000088        0x4 ../NiosII_Screen_Reader_bsp/\libhal_bsp.a(alt_irq_entry.o)
 *(.exceptions.notirq.label)
 .exceptions.notirq.label
                0x000000000800008c        0x0 ../NiosII_Screen_Reader_bsp/\libhal_bsp.a(alt_irq_entry.o)
 *(.exceptions.notirq.user)
 *(.exceptions.notirq)
 .exceptions.notirq
                0x000000000800008c        0x8 ../NiosII_Screen_Reader_bsp/\libhal_bsp.a(alt_exception_entry.o)
 *(.exceptions.soft.user)
 *(.exceptions.soft)
 *(.exceptions.unknown.user)
 *(.exceptions.unknown)
 .exceptions.unknown
                0x0000000008000094       0x14 ../NiosII_Screen_Reader_bsp/\libhal_bsp.a(alt_exception_entry.o)
 *(.exceptions.exit.label)
 .exceptions.exit.label
                0x00000000080000a8        0x0 ../NiosII_Screen_Reader_bsp/\libhal_bsp.a(alt_irq_entry.o)
 .exceptions.exit.label
                0x00000000080000a8        0x0 ../NiosII_Screen_Reader_bsp/\libhal_bsp.a(alt_exception_entry.o)
 *(.exceptions.exit.user)
 *(.exceptions.exit)
 .exceptions.exit
                0x00000000080000a8       0x54 ../NiosII_Screen_Reader_bsp/\libhal_bsp.a(alt_exception_entry.o)
 *(.exceptions)
 .exceptions    0x00000000080000fc       0xd4 ../NiosII_Screen_Reader_bsp/\libhal_bsp.a(alt_irq_handler.o)
                0x00000000080000fc                alt_irq_handler
 .exceptions    0x00000000080001d0       0x74 ../NiosII_Screen_Reader_bsp/\libhal_bsp.a(alt_instruction_exception_entry.o)
                0x00000000080001d0                alt_instruction_exception_entry
                0x0000000008000244                PROVIDE (__ram_exceptions_end, ABSOLUTE (.))
                0x0000000008000020                PROVIDE (__flash_exceptions_start, LOADADDR (.exceptions))

.text           0x0000000008000244    0x110b8
                [!provide]                        PROVIDE (stext, ABSOLUTE (.))
 *(.interp)
 *(.hash)
 *(.dynsym)
 *(.dynstr)
 *(.gnu.version)
 *(.gnu.version_d)
 *(.gnu.version_r)
 *(.rel.init)
 *(.rela.init)
 *(.rel.text .rel.text.* .rel.gnu.linkonce.t.*)
 *(.rela.text .rela.text.* .rela.gnu.linkonce.t.*)
 *(.rel.fini)
 *(.rela.fini)
 *(.rel.rodata .rel.rodata.* .rel.gnu.linkonce.r.*)
 *(.rela.rodata .rela.rodata.* .rela.gnu.linkonce.r.*)
 *(.rel.data .rel.data.* .rel.gnu.linkonce.d.*)
 *(.rela.data .rela.data.* .rela.gnu.linkonce.d.*)
 *(.rel.tdata .rel.tdata.* .rel.gnu.linkonce.td.*)
 *(.rela.tdata .rela.tdata.* .rela.gnu.linkonce.td.*)
 *(.rel.tbss .rel.tbss.* .rel.gnu.linkonce.tb.*)
 *(.rela.tbss .rela.tbss.* .rela.gnu.linkonce.tb.*)
 *(.rel.ctors)
 *(.rela.ctors)
 *(.rel.dtors)
 *(.rela.dtors)
 *(.rel.got)
 *(.rela.got)
 *(.rel.sdata .rel.sdata.* .rel.gnu.linkonce.s.*)
 *(.rela.sdata .rela.sdata.* .rela.gnu.linkonce.s.*)
 *(.rel.sbss .rel.sbss.* .rel.gnu.linkonce.sb.*)
 *(.rela.sbss .rela.sbss.* .rela.gnu.linkonce.sb.*)
 *(.rel.sdata2 .rel.sdata2.* .rel.gnu.linkonce.s2.*)
 *(.rela.sdata2 .rela.sdata2.* .rela.gnu.linkonce.s2.*)
 *(.rel.sbss2 .rel.sbss2.* .rel.gnu.linkonce.sb2.*)
 *(.rela.sbss2 .rela.sbss2.* .rela.gnu.linkonce.sb2.*)
 *(.rel.bss .rel.bss.* .rel.gnu.linkonce.b.*)
 *(.rela.bss .rela.bss.* .rela.gnu.linkonce.b.*)
 *(.rel.plt)
 *(.rela.plt)
 *(.rel.dyn)
 *(.init)
 *(.plt)
 *(.text .stub .text.* .gnu.linkonce.t.*)
 .text          0x0000000008000244       0x4c ../NiosII_Screen_Reader_bsp//obj/HAL/src/crt0.o
                0x0000000008000244                _start
 .text          0x0000000008000290      0x25c obj/default/main.o
                0x00000000080002c4                alt_irq_init
                0x00000000080002fc                alt_sys_init
                0x0000000008000354                main
 .text          0x00000000080004ec       0x60 f:/quartus_18/nios2eds/bin/gnu/h-x86_64-mingw32/bin/../lib/gcc/nios2-elf/5.3.0\libgcc.a(_fixunssfsi.o)
                0x00000000080004ec                __fixunssfsi
 .text          0x000000000800054c      0x440 f:/quartus_18/nios2eds/bin/gnu/h-x86_64-mingw32/bin/../lib/gcc/nios2-elf/5.3.0\libgcc.a(divsf3.o)
                0x000000000800054c                __divsf3
 .text          0x000000000800098c       0xbc f:/quartus_18/nios2eds/bin/gnu/h-x86_64-mingw32/bin/../lib/gcc/nios2-elf/5.3.0\libgcc.a(gesf2.o)
                0x000000000800098c                __gesf2
                0x000000000800098c                __gtsf2
 .text          0x0000000008000a48      0x3fc f:/quartus_18/nios2eds/bin/gnu/h-x86_64-mingw32/bin/../lib/gcc/nios2-elf/5.3.0\libgcc.a(mulsf3.o)
                0x0000000008000a48                __mulsf3
 .text          0x0000000008000e44      0x4e4 f:/quartus_18/nios2eds/bin/gnu/h-x86_64-mingw32/bin/../lib/gcc/nios2-elf/5.3.0\libgcc.a(subsf3.o)
                0x0000000008000e44                __subsf3
 .text          0x0000000008001328       0x70 f:/quartus_18/nios2eds/bin/gnu/h-x86_64-mingw32/bin/../lib/gcc/nios2-elf/5.3.0\libgcc.a(fixsfsi.o)
                0x0000000008001328                __fixsfsi
 .text          0x0000000008001398      0x124 f:/quartus_18/nios2eds/bin/gnu/h-x86_64-mingw32/bin/../lib/gcc/nios2-elf/5.3.0\libgcc.a(floatsisf.o)
                0x0000000008001398                __floatsisf
 .text          0x00000000080014bc       0x64 f:/quartus_18/nios2eds/bin/gnu/h-x86_64-mingw32/bin/../lib/gcc/nios2-elf/5.3.0\libgcc.a(_clzsi2.o)
                0x00000000080014bc                __clzsi2
 .text          0x0000000008001520        0x0 f:/quartus_18/nios2eds/bin/gnu/h-x86_64-mingw32/bin/../lib/gcc/nios2-elf/5.3.0\libgcc.a(_clz.o)
 .text          0x0000000008001520        0x0 f:/quartus_18/nios2eds/bin/gnu/h-x86_64-mingw32/bin/../lib/gcc/nios2-elf/5.3.0/../../../../../H-x86_64-mingw32/nios2-elf/lib\libc.a(lib_a-fclose.o)
 .text._fclose_r
                0x0000000008001520       0xf0 f:/quartus_18/nios2eds/bin/gnu/h-x86_64-mingw32/bin/../lib/gcc/nios2-elf/5.3.0/../../../../../H-x86_64-mingw32/nios2-elf/lib\libc.a(lib_a-fclose.o)
                0x0000000008001520                _fclose_r
 .text.fclose   0x0000000008001610       0x14 f:/quartus_18/nios2eds/bin/gnu/h-x86_64-mingw32/bin/../lib/gcc/nios2-elf/5.3.0/../../../../../H-x86_64-mingw32/nios2-elf/lib\libc.a(lib_a-fclose.o)
                0x0000000008001610                fclose
 .text          0x0000000008001624        0x0 f:/quartus_18/nios2eds/bin/gnu/h-x86_64-mingw32/bin/../lib/gcc/nios2-elf/5.3.0/../../../../../H-x86_64-mingw32/nios2-elf/lib\libc.a(lib_a-fflush.o)
 .text.__sflush_r
                0x0000000008001624      0x21c f:/quartus_18/nios2eds/bin/gnu/h-x86_64-mingw32/bin/../lib/gcc/nios2-elf/5.3.0/../../../../../H-x86_64-mingw32/nios2-elf/lib\libc.a(lib_a-fflush.o)
                0x0000000008001624                __sflush_r
 .text._fflush_r
                0x0000000008001840       0x5c f:/quartus_18/nios2eds/bin/gnu/h-x86_64-mingw32/bin/../lib/gcc/nios2-elf/5.3.0/../../../../../H-x86_64-mingw32/nios2-elf/lib\libc.a(lib_a-fflush.o)
                0x0000000008001840                _fflush_r
 .text.fflush   0x000000000800189c       0x30 f:/quartus_18/nios2eds/bin/gnu/h-x86_64-mingw32/bin/../lib/gcc/nios2-elf/5.3.0/../../../../../H-x86_64-mingw32/nios2-elf/lib\libc.a(lib_a-fflush.o)
                0x000000000800189c                fflush
 .text          0x00000000080018cc        0x0 f:/quartus_18/nios2eds/bin/gnu/h-x86_64-mingw32/bin/../lib/gcc/nios2-elf/5.3.0/../../../../../H-x86_64-mingw32/nios2-elf/lib\libc.a(lib_a-findfp.o)
 .text.__fp_unlock
                0x00000000080018cc        0x8 f:/quartus_18/nios2eds/bin/gnu/h-x86_64-mingw32/bin/../lib/gcc/nios2-elf/5.3.0/../../../../../H-x86_64-mingw32/nios2-elf/lib\libc.a(lib_a-findfp.o)
 .text._cleanup_r
                0x00000000080018d4        0xc f:/quartus_18/nios2eds/bin/gnu/h-x86_64-mingw32/bin/../lib/gcc/nios2-elf/5.3.0/../../../../../H-x86_64-mingw32/nios2-elf/lib\libc.a(lib_a-findfp.o)
                0x00000000080018d4                _cleanup_r
 .text.__sinit.part.1
                0x00000000080018e0      0x19c f:/quartus_18/nios2eds/bin/gnu/h-x86_64-mingw32/bin/../lib/gcc/nios2-elf/5.3.0/../../../../../H-x86_64-mingw32/nios2-elf/lib\libc.a(lib_a-findfp.o)
 .text.__fp_lock
                0x0000000008001a7c        0x8 f:/quartus_18/nios2eds/bin/gnu/h-x86_64-mingw32/bin/../lib/gcc/nios2-elf/5.3.0/../../../../../H-x86_64-mingw32/nios2-elf/lib\libc.a(lib_a-findfp.o)
 .text.__sfmoreglue
                0x0000000008001a84       0x68 f:/quartus_18/nios2eds/bin/gnu/h-x86_64-mingw32/bin/../lib/gcc/nios2-elf/5.3.0/../../../../../H-x86_64-mingw32/nios2-elf/lib\libc.a(lib_a-findfp.o)
                0x0000000008001a84                __sfmoreglue
 .text.__sfp    0x0000000008001aec      0x118 f:/quartus_18/nios2eds/bin/gnu/h-x86_64-mingw32/bin/../lib/gcc/nios2-elf/5.3.0/../../../../../H-x86_64-mingw32/nios2-elf/lib\libc.a(lib_a-findfp.o)
                0x0000000008001aec                __sfp
 .text._cleanup
                0x0000000008001c04       0x18 f:/quartus_18/nios2eds/bin/gnu/h-x86_64-mingw32/bin/../lib/gcc/nios2-elf/5.3.0/../../../../../H-x86_64-mingw32/nios2-elf/lib\libc.a(lib_a-findfp.o)
                0x0000000008001c04                _cleanup
 .text.__sinit  0x0000000008001c1c       0x10 f:/quartus_18/nios2eds/bin/gnu/h-x86_64-mingw32/bin/../lib/gcc/nios2-elf/5.3.0/../../../../../H-x86_64-mingw32/nios2-elf/lib\libc.a(lib_a-findfp.o)
                0x0000000008001c1c                __sinit
 .text.__sfp_lock_acquire
                0x0000000008001c2c        0x4 f:/quartus_18/nios2eds/bin/gnu/h-x86_64-mingw32/bin/../lib/gcc/nios2-elf/5.3.0/../../../../../H-x86_64-mingw32/nios2-elf/lib\libc.a(lib_a-findfp.o)
                0x0000000008001c2c                __sfp_lock_acquire
 .text.__sfp_lock_release
                0x0000000008001c30        0x4 f:/quartus_18/nios2eds/bin/gnu/h-x86_64-mingw32/bin/../lib/gcc/nios2-elf/5.3.0/../../../../../H-x86_64-mingw32/nios2-elf/lib\libc.a(lib_a-findfp.o)
                0x0000000008001c30                __sfp_lock_release
 .text.__sinit_lock_acquire
                0x0000000008001c34        0x4 f:/quartus_18/nios2eds/bin/gnu/h-x86_64-mingw32/bin/../lib/gcc/nios2-elf/5.3.0/../../../../../H-x86_64-mingw32/nios2-elf/lib\libc.a(lib_a-findfp.o)
                0x0000000008001c34                __sinit_lock_acquire
 .text.__sinit_lock_release
                0x0000000008001c38        0x4 f:/quartus_18/nios2eds/bin/gnu/h-x86_64-mingw32/bin/../lib/gcc/nios2-elf/5.3.0/../../../../../H-x86_64-mingw32/nios2-elf/lib\libc.a(lib_a-findfp.o)
                0x0000000008001c38                __sinit_lock_release
 .text.__fp_lock_all
                0x0000000008001c3c       0x18 f:/quartus_18/nios2eds/bin/gnu/h-x86_64-mingw32/bin/../lib/gcc/nios2-elf/5.3.0/../../../../../H-x86_64-mingw32/nios2-elf/lib\libc.a(lib_a-findfp.o)
                0x0000000008001c3c                __fp_lock_all
 .text.__fp_unlock_all
                0x0000000008001c54       0x18 f:/quartus_18/nios2eds/bin/gnu/h-x86_64-mingw32/bin/../lib/gcc/nios2-elf/5.3.0/../../../../../H-x86_64-mingw32/nios2-elf/lib\libc.a(lib_a-findfp.o)
                0x0000000008001c54                __fp_unlock_all
 .text          0x0000000008001c6c        0x0 f:/quartus_18/nios2eds/bin/gnu/h-x86_64-mingw32/bin/../lib/gcc/nios2-elf/5.3.0/../../../../../H-x86_64-mingw32/nios2-elf/lib\libc.a(lib_a-fopen.o)
 .text._fopen_r
                0x0000000008001c6c       0xf4 f:/quartus_18/nios2eds/bin/gnu/h-x86_64-mingw32/bin/../lib/gcc/nios2-elf/5.3.0/../../../../../H-x86_64-mingw32/nios2-elf/lib\libc.a(lib_a-fopen.o)
                0x0000000008001c6c                _fopen_r
 .text.fopen    0x0000000008001d60       0x18 f:/quartus_18/nios2eds/bin/gnu/h-x86_64-mingw32/bin/../lib/gcc/nios2-elf/5.3.0/../../../../../H-x86_64-mingw32/nios2-elf/lib\libc.a(lib_a-fopen.o)
                0x0000000008001d60                fopen
 .text          0x0000000008001d78        0x0 f:/quartus_18/nios2eds/bin/gnu/h-x86_64-mingw32/bin/../lib/gcc/nios2-elf/5.3.0/../../../../../H-x86_64-mingw32/nios2-elf/lib\libc.a(lib_a-fprintf.o)
 .text._fprintf_r
                0x0000000008001d78       0x28 f:/quartus_18/nios2eds/bin/gnu/h-x86_64-mingw32/bin/../lib/gcc/nios2-elf/5.3.0/../../../../../H-x86_64-mingw32/nios2-elf/lib\libc.a(lib_a-fprintf.o)
                0x0000000008001d78                _fprintf_r
 .text.fprintf  0x0000000008001da0       0x24 f:/quartus_18/nios2eds/bin/gnu/h-x86_64-mingw32/bin/../lib/gcc/nios2-elf/5.3.0/../../../../../H-x86_64-mingw32/nios2-elf/lib\libc.a(lib_a-fprintf.o)
                0x0000000008001da0                fprintf
 .text          0x0000000008001dc4        0x0 f:/quartus_18/nios2eds/bin/gnu/h-x86_64-mingw32/bin/../lib/gcc/nios2-elf/5.3.0/../../../../../H-x86_64-mingw32/nios2-elf/lib\libc.a(lib_a-freer.o)
 .text._malloc_trim_r
                0x0000000008001dc4      0x124 f:/quartus_18/nios2eds/bin/gnu/h-x86_64-mingw32/bin/../lib/gcc/nios2-elf/5.3.0/../../../../../H-x86_64-mingw32/nios2-elf/lib\libc.a(lib_a-freer.o)
                0x0000000008001dc4                _malloc_trim_r
 .text._free_r  0x0000000008001ee8      0x310 f:/quartus_18/nios2eds/bin/gnu/h-x86_64-mingw32/bin/../lib/gcc/nios2-elf/5.3.0/../../../../../H-x86_64-mingw32/nios2-elf/lib\libc.a(lib_a-freer.o)
                0x0000000008001ee8                _free_r
 .text          0x00000000080021f8        0x0 f:/quartus_18/nios2eds/bin/gnu/h-x86_64-mingw32/bin/../lib/gcc/nios2-elf/5.3.0/../../../../../H-x86_64-mingw32/nios2-elf/lib\libc.a(lib_a-fseek.o)
 .text._fseek_r
                0x00000000080021f8        0x4 f:/quartus_18/nios2eds/bin/gnu/h-x86_64-mingw32/bin/../lib/gcc/nios2-elf/5.3.0/../../../../../H-x86_64-mingw32/nios2-elf/lib\libc.a(lib_a-fseek.o)
                0x00000000080021f8                _fseek_r
 .text.fseek    0x00000000080021fc       0x1c f:/quartus_18/nios2eds/bin/gnu/h-x86_64-mingw32/bin/../lib/gcc/nios2-elf/5.3.0/../../../../../H-x86_64-mingw32/nios2-elf/lib\libc.a(lib_a-fseek.o)
                0x00000000080021fc                fseek
 .text          0x0000000008002218        0x0 f:/quartus_18/nios2eds/bin/gnu/h-x86_64-mingw32/bin/../lib/gcc/nios2-elf/5.3.0/../../../../../H-x86_64-mingw32/nios2-elf/lib\libc.a(lib_a-fseeko.o)
 .text._fseeko_r
                0x0000000008002218      0x444 f:/quartus_18/nios2eds/bin/gnu/h-x86_64-mingw32/bin/../lib/gcc/nios2-elf/5.3.0/../../../../../H-x86_64-mingw32/nios2-elf/lib\libc.a(lib_a-fseeko.o)
                0x0000000008002218                _fseeko_r
 .text.fseeko   0x000000000800265c       0x1c f:/quartus_18/nios2eds/bin/gnu/h-x86_64-mingw32/bin/../lib/gcc/nios2-elf/5.3.0/../../../../../H-x86_64-mingw32/nios2-elf/lib\libc.a(lib_a-fseeko.o)
                0x000000000800265c                fseeko
 .text          0x0000000008002678        0x0 f:/quartus_18/nios2eds/bin/gnu/h-x86_64-mingw32/bin/../lib/gcc/nios2-elf/5.3.0/../../../../../H-x86_64-mingw32/nios2-elf/lib\libc.a(lib_a-fstatr.o)
 .text._fstat_r
                0x0000000008002678       0x5c f:/quartus_18/nios2eds/bin/gnu/h-x86_64-mingw32/bin/../lib/gcc/nios2-elf/5.3.0/../../../../../H-x86_64-mingw32/nios2-elf/lib\libc.a(lib_a-fstatr.o)
                0x0000000008002678                _fstat_r
 .text          0x00000000080026d4        0x0 f:/quartus_18/nios2eds/bin/gnu/h-x86_64-mingw32/bin/../lib/gcc/nios2-elf/5.3.0/../../../../../H-x86_64-mingw32/nios2-elf/lib\libc.a(lib_a-fwalk.o)
 .text._fwalk   0x00000000080026d4       0xc4 f:/quartus_18/nios2eds/bin/gnu/h-x86_64-mingw32/bin/../lib/gcc/nios2-elf/5.3.0/../../../../../H-x86_64-mingw32/nios2-elf/lib\libc.a(lib_a-fwalk.o)
                0x00000000080026d4                _fwalk
 .text._fwalk_reent
                0x0000000008002798       0xc4 f:/quartus_18/nios2eds/bin/gnu/h-x86_64-mingw32/bin/../lib/gcc/nios2-elf/5.3.0/../../../../../H-x86_64-mingw32/nios2-elf/lib\libc.a(lib_a-fwalk.o)
                0x0000000008002798                _fwalk_reent
 .text          0x000000000800285c        0x0 f:/quartus_18/nios2eds/bin/gnu/h-x86_64-mingw32/bin/../lib/gcc/nios2-elf/5.3.0/../../../../../H-x86_64-mingw32/nios2-elf/lib\libc.a(lib_a-impure.o)
 .text          0x000000000800285c        0x0 f:/quartus_18/nios2eds/bin/gnu/h-x86_64-mingw32/bin/../lib/gcc/nios2-elf/5.3.0/../../../../../H-x86_64-mingw32/nios2-elf/lib\libc.a(lib_a-int_errno.o)
 .text          0x000000000800285c        0x0 f:/quartus_18/nios2eds/bin/gnu/h-x86_64-mingw32/bin/../lib/gcc/nios2-elf/5.3.0/../../../../../H-x86_64-mingw32/nios2-elf/lib\libc.a(lib_a-itoa.o)
 .text.__itoa   0x000000000800285c       0x68 f:/quartus_18/nios2eds/bin/gnu/h-x86_64-mingw32/bin/../lib/gcc/nios2-elf/5.3.0/../../../../../H-x86_64-mingw32/nios2-elf/lib\libc.a(lib_a-itoa.o)
                0x000000000800285c                __itoa
 .text.itoa     0x00000000080028c4        0x4 f:/quartus_18/nios2eds/bin/gnu/h-x86_64-mingw32/bin/../lib/gcc/nios2-elf/5.3.0/../../../../../H-x86_64-mingw32/nios2-elf/lib\libc.a(lib_a-itoa.o)
                0x00000000080028c4                itoa
 .text          0x00000000080028c8        0x0 f:/quartus_18/nios2eds/bin/gnu/h-x86_64-mingw32/bin/../lib/gcc/nios2-elf/5.3.0/../../../../../H-x86_64-mingw32/nios2-elf/lib\libc.a(lib_a-makebuf.o)
 .text.__smakebuf_r
                0x00000000080028c8      0x1bc f:/quartus_18/nios2eds/bin/gnu/h-x86_64-mingw32/bin/../lib/gcc/nios2-elf/5.3.0/../../../../../H-x86_64-mingw32/nios2-elf/lib\libc.a(lib_a-makebuf.o)
                0x00000000080028c8                __smakebuf_r
 .text          0x0000000008002a84        0x0 f:/quartus_18/nios2eds/bin/gnu/h-x86_64-mingw32/bin/../lib/gcc/nios2-elf/5.3.0/../../../../../H-x86_64-mingw32/nios2-elf/lib\libc.a(lib_a-mallocr.o)
 .text._malloc_r
                0x0000000008002a84      0x80c f:/quartus_18/nios2eds/bin/gnu/h-x86_64-mingw32/bin/../lib/gcc/nios2-elf/5.3.0/../../../../../H-x86_64-mingw32/nios2-elf/lib\libc.a(lib_a-mallocr.o)
                0x0000000008002a84                _malloc_r
 .text          0x0000000008003290        0x0 f:/quartus_18/nios2eds/bin/gnu/h-x86_64-mingw32/bin/../lib/gcc/nios2-elf/5.3.0/../../../../../H-x86_64-mingw32/nios2-elf/lib\libc.a(lib_a-memset.o)
 .text.memset   0x0000000008003290      0x128 f:/quartus_18/nios2eds/bin/gnu/h-x86_64-mingw32/bin/../lib/gcc/nios2-elf/5.3.0/../../../../../H-x86_64-mingw32/nios2-elf/lib\libc.a(lib_a-memset.o)
                0x0000000008003290                memset
 .text          0x00000000080033b8        0x0 f:/quartus_18/nios2eds/bin/gnu/h-x86_64-mingw32/bin/../lib/gcc/nios2-elf/5.3.0/../../../../../H-x86_64-mingw32/nios2-elf/lib\libc.a(lib_a-openr.o)
 .text._open_r  0x00000000080033b8       0x60 f:/quartus_18/nios2eds/bin/gnu/h-x86_64-mingw32/bin/../lib/gcc/nios2-elf/5.3.0/../../../../../H-x86_64-mingw32/nios2-elf/lib\libc.a(lib_a-openr.o)
                0x00000000080033b8                _open_r
 .text          0x0000000008003418        0x0 f:/quartus_18/nios2eds/bin/gnu/h-x86_64-mingw32/bin/../lib/gcc/nios2-elf/5.3.0/../../../../../H-x86_64-mingw32/nios2-elf/lib\libc.a(lib_a-puts.o)
 .text._puts_r  0x0000000008003418       0xc0 f:/quartus_18/nios2eds/bin/gnu/h-x86_64-mingw32/bin/../lib/gcc/nios2-elf/5.3.0/../../../../../H-x86_64-mingw32/nios2-elf/lib\libc.a(lib_a-puts.o)
                0x0000000008003418                _puts_r
 .text.puts     0x00000000080034d8       0x14 f:/quartus_18/nios2eds/bin/gnu/h-x86_64-mingw32/bin/../lib/gcc/nios2-elf/5.3.0/../../../../../H-x86_64-mingw32/nios2-elf/lib\libc.a(lib_a-puts.o)
                0x00000000080034d8                puts
 .text          0x00000000080034ec        0x0 f:/quartus_18/nios2eds/bin/gnu/h-x86_64-mingw32/bin/../lib/gcc/nios2-elf/5.3.0/../../../../../H-x86_64-mingw32/nios2-elf/lib\libc.a(lib_a-refill.o)
 .text.lflush   0x00000000080034ec       0x1c f:/quartus_18/nios2eds/bin/gnu/h-x86_64-mingw32/bin/../lib/gcc/nios2-elf/5.3.0/../../../../../H-x86_64-mingw32/nios2-elf/lib\libc.a(lib_a-refill.o)
 .text.__srefill_r
                0x0000000008003508      0x1d4 f:/quartus_18/nios2eds/bin/gnu/h-x86_64-mingw32/bin/../lib/gcc/nios2-elf/5.3.0/../../../../../H-x86_64-mingw32/nios2-elf/lib\libc.a(lib_a-refill.o)
                0x0000000008003508                __srefill_r
 .text          0x00000000080036dc        0x0 f:/quartus_18/nios2eds/bin/gnu/h-x86_64-mingw32/bin/../lib/gcc/nios2-elf/5.3.0/../../../../../H-x86_64-mingw32/nios2-elf/lib\libc.a(lib_a-sbrkr.o)
 .text._sbrk_r  0x00000000080036dc       0x54 f:/quartus_18/nios2eds/bin/gnu/h-x86_64-mingw32/bin/../lib/gcc/nios2-elf/5.3.0/../../../../../H-x86_64-mingw32/nios2-elf/lib\libc.a(lib_a-sbrkr.o)
                0x00000000080036dc                _sbrk_r
 .text          0x0000000008003730        0x0 f:/quartus_18/nios2eds/bin/gnu/h-x86_64-mingw32/bin/../lib/gcc/nios2-elf/5.3.0/../../../../../H-x86_64-mingw32/nios2-elf/lib\libc.a(lib_a-stdio.o)
 .text.__sread  0x0000000008003730       0x54 f:/quartus_18/nios2eds/bin/gnu/h-x86_64-mingw32/bin/../lib/gcc/nios2-elf/5.3.0/../../../../../H-x86_64-mingw32/nios2-elf/lib\libc.a(lib_a-stdio.o)
                0x0000000008003730                __sread
 .text.__seofread
                0x0000000008003784        0x8 f:/quartus_18/nios2eds/bin/gnu/h-x86_64-mingw32/bin/../lib/gcc/nios2-elf/5.3.0/../../../../../H-x86_64-mingw32/nios2-elf/lib\libc.a(lib_a-stdio.o)
                0x0000000008003784                __seofread
 .text.__swrite
                0x000000000800378c       0x7c f:/quartus_18/nios2eds/bin/gnu/h-x86_64-mingw32/bin/../lib/gcc/nios2-elf/5.3.0/../../../../../H-x86_64-mingw32/nios2-elf/lib\libc.a(lib_a-stdio.o)
                0x000000000800378c                __swrite
 .text.__sseek  0x0000000008003808       0x5c f:/quartus_18/nios2eds/bin/gnu/h-x86_64-mingw32/bin/../lib/gcc/nios2-elf/5.3.0/../../../../../H-x86_64-mingw32/nios2-elf/lib\libc.a(lib_a-stdio.o)
                0x0000000008003808                __sseek
 .text.__sclose
                0x0000000008003864        0x8 f:/quartus_18/nios2eds/bin/gnu/h-x86_64-mingw32/bin/../lib/gcc/nios2-elf/5.3.0/../../../../../H-x86_64-mingw32/nios2-elf/lib\libc.a(lib_a-stdio.o)
                0x0000000008003864                __sclose
 .text          0x000000000800386c        0x0 f:/quartus_18/nios2eds/bin/gnu/h-x86_64-mingw32/bin/../lib/gcc/nios2-elf/5.3.0/../../../../../H-x86_64-mingw32/nios2-elf/lib\libc.a(lib_a-strlen.o)
 .text.strlen   0x000000000800386c       0x98 f:/quartus_18/nios2eds/bin/gnu/h-x86_64-mingw32/bin/../lib/gcc/nios2-elf/5.3.0/../../../../../H-x86_64-mingw32/nios2-elf/lib\libc.a(lib_a-strlen.o)
                0x000000000800386c                strlen
 .text          0x0000000008003904        0x0 f:/quartus_18/nios2eds/bin/gnu/h-x86_64-mingw32/bin/../lib/gcc/nios2-elf/5.3.0/../../../../../H-x86_64-mingw32/nios2-elf/lib\libc.a(lib_a-utoa.o)
 .text.__utoa   0x0000000008003904      0x158 f:/quartus_18/nios2eds/bin/gnu/h-x86_64-mingw32/bin/../lib/gcc/nios2-elf/5.3.0/../../../../../H-x86_64-mingw32/nios2-elf/lib\libc.a(lib_a-utoa.o)
                0x0000000008003904                __utoa
 .text.utoa     0x0000000008003a5c        0x4 f:/quartus_18/nios2eds/bin/gnu/h-x86_64-mingw32/bin/../lib/gcc/nios2-elf/5.3.0/../../../../../H-x86_64-mingw32/nios2-elf/lib\libc.a(lib_a-utoa.o)
                0x0000000008003a5c                utoa
 .text          0x0000000008003a60        0x0 f:/quartus_18/nios2eds/bin/gnu/h-x86_64-mingw32/bin/../lib/gcc/nios2-elf/5.3.0/../../../../../H-x86_64-mingw32/nios2-elf/lib\libc.a(lib_a-vfprintf.o)
 .text.___vfprintf_internal_r
                0x0000000008003a60     0x21f8 f:/quartus_18/nios2eds/bin/gnu/h-x86_64-mingw32/bin/../lib/gcc/nios2-elf/5.3.0/../../../../../H-x86_64-mingw32/nios2-elf/lib\libc.a(lib_a-vfprintf.o)
                0x0000000008003a60                ___vfprintf_internal_r
 .text.__vfprintf_internal
                0x0000000008005c58       0x1c f:/quartus_18/nios2eds/bin/gnu/h-x86_64-mingw32/bin/../lib/gcc/nios2-elf/5.3.0/../../../../../H-x86_64-mingw32/nios2-elf/lib\libc.a(lib_a-vfprintf.o)
                0x0000000008005c58                __vfprintf_internal
 .text.__sbprintf
                0x0000000008005c74       0xbc f:/quartus_18/nios2eds/bin/gnu/h-x86_64-mingw32/bin/../lib/gcc/nios2-elf/5.3.0/../../../../../H-x86_64-mingw32/nios2-elf/lib\libc.a(lib_a-vfprintf.o)
 .text          0x0000000008005d30        0x0 f:/quartus_18/nios2eds/bin/gnu/h-x86_64-mingw32/bin/../lib/gcc/nios2-elf/5.3.0/../../../../../H-x86_64-mingw32/nios2-elf/lib\libc.a(lib_a-writer.o)
 .text._write_r
                0x0000000008005d30       0x60 f:/quartus_18/nios2eds/bin/gnu/h-x86_64-mingw32/bin/../lib/gcc/nios2-elf/5.3.0/../../../../../H-x86_64-mingw32/nios2-elf/lib\libc.a(lib_a-writer.o)
                0x0000000008005d30                _write_r
 .text          0x0000000008005d90        0x0 f:/quartus_18/nios2eds/bin/gnu/h-x86_64-mingw32/bin/../lib/gcc/nios2-elf/5.3.0/../../../../../H-x86_64-mingw32/nios2-elf/lib\libc.a(lib_a-wsetup.o)
 .text.__swsetup_r
                0x0000000008005d90      0x154 f:/quartus_18/nios2eds/bin/gnu/h-x86_64-mingw32/bin/../lib/gcc/nios2-elf/5.3.0/../../../../../H-x86_64-mingw32/nios2-elf/lib\libc.a(lib_a-wsetup.o)
                0x0000000008005d90                __swsetup_r
 .text          0x0000000008005ee4        0x0 f:/quartus_18/nios2eds/bin/gnu/h-x86_64-mingw32/bin/../lib/gcc/nios2-elf/5.3.0/../../../../../H-x86_64-mingw32/nios2-elf/lib\libc.a(closer.o)
 .text._close_r
                0x0000000008005ee4       0x54 f:/quartus_18/nios2eds/bin/gnu/h-x86_64-mingw32/bin/../lib/gcc/nios2-elf/5.3.0/../../../../../H-x86_64-mingw32/nios2-elf/lib\libc.a(closer.o)
                0x0000000008005ee4                _close_r
 .text          0x0000000008005f38        0x0 f:/quartus_18/nios2eds/bin/gnu/h-x86_64-mingw32/bin/../lib/gcc/nios2-elf/5.3.0/../../../../../H-x86_64-mingw32/nios2-elf/lib\libc.a(lib_a-dtoa.o)
 .text.quorem   0x0000000008005f38      0x200 f:/quartus_18/nios2eds/bin/gnu/h-x86_64-mingw32/bin/../lib/gcc/nios2-elf/5.3.0/../../../../../H-x86_64-mingw32/nios2-elf/lib\libc.a(lib_a-dtoa.o)
 .text._dtoa_r  0x0000000008006138     0x1688 f:/quartus_18/nios2eds/bin/gnu/h-x86_64-mingw32/bin/../lib/gcc/nios2-elf/5.3.0/../../../../../H-x86_64-mingw32/nios2-elf/lib\libc.a(lib_a-dtoa.o)
                0x0000000008006138                _dtoa_r
 .text          0x00000000080077c0        0x0 f:/quartus_18/nios2eds/bin/gnu/h-x86_64-mingw32/bin/../lib/gcc/nios2-elf/5.3.0/../../../../../H-x86_64-mingw32/nios2-elf/lib\libc.a(lib_a-flags.o)
 .text.__sflags
                0x00000000080077c0       0xac f:/quartus_18/nios2eds/bin/gnu/h-x86_64-mingw32/bin/../lib/gcc/nios2-elf/5.3.0/../../../../../H-x86_64-mingw32/nios2-elf/lib\libc.a(lib_a-flags.o)
                0x00000000080077c0                __sflags
 .text          0x000000000800786c        0x0 f:/quartus_18/nios2eds/bin/gnu/h-x86_64-mingw32/bin/../lib/gcc/nios2-elf/5.3.0/../../../../../H-x86_64-mingw32/nios2-elf/lib\libc.a(lib_a-fvwrite.o)
 .text.__sfvwrite_r
                0x000000000800786c      0x4bc f:/quartus_18/nios2eds/bin/gnu/h-x86_64-mingw32/bin/../lib/gcc/nios2-elf/5.3.0/../../../../../H-x86_64-mingw32/nios2-elf/lib\libc.a(lib_a-fvwrite.o)
                0x000000000800786c                __sfvwrite_r
 .text          0x0000000008007d28        0x0 f:/quartus_18/nios2eds/bin/gnu/h-x86_64-mingw32/bin/../lib/gcc/nios2-elf/5.3.0/../../../../../H-x86_64-mingw32/nios2-elf/lib\libc.a(lib_a-isattyr.o)
 .text._isatty_r
                0x0000000008007d28       0x54 f:/quartus_18/nios2eds/bin/gnu/h-x86_64-mingw32/bin/../lib/gcc/nios2-elf/5.3.0/../../../../../H-x86_64-mingw32/nios2-elf/lib\libc.a(lib_a-isattyr.o)
                0x0000000008007d28                _isatty_r
 .text          0x0000000008007d7c        0x0 f:/quartus_18/nios2eds/bin/gnu/h-x86_64-mingw32/bin/../lib/gcc/nios2-elf/5.3.0/../../../../../H-x86_64-mingw32/nios2-elf/lib\libc.a(lib_a-locale.o)
 .text._setlocale_r
                0x0000000008007d7c       0x7c f:/quartus_18/nios2eds/bin/gnu/h-x86_64-mingw32/bin/../lib/gcc/nios2-elf/5.3.0/../../../../../H-x86_64-mingw32/nios2-elf/lib\libc.a(lib_a-locale.o)
                0x0000000008007d7c                _setlocale_r
 .text.__locale_charset
                0x0000000008007df8        0xc f:/quartus_18/nios2eds/bin/gnu/h-x86_64-mingw32/bin/../lib/gcc/nios2-elf/5.3.0/../../../../../H-x86_64-mingw32/nios2-elf/lib\libc.a(lib_a-locale.o)
                0x0000000008007df8                __locale_charset
 .text.__locale_mb_cur_max
                0x0000000008007e04       0x10 f:/quartus_18/nios2eds/bin/gnu/h-x86_64-mingw32/bin/../lib/gcc/nios2-elf/5.3.0/../../../../../H-x86_64-mingw32/nios2-elf/lib\libc.a(lib_a-locale.o)
                0x0000000008007e04                __locale_mb_cur_max
 .text.__locale_msgcharset
                0x0000000008007e14        0xc f:/quartus_18/nios2eds/bin/gnu/h-x86_64-mingw32/bin/../lib/gcc/nios2-elf/5.3.0/../../../../../H-x86_64-mingw32/nios2-elf/lib\libc.a(lib_a-locale.o)
                0x0000000008007e14                __locale_msgcharset
 .text.__locale_cjk_lang
                0x0000000008007e20        0x8 f:/quartus_18/nios2eds/bin/gnu/h-x86_64-mingw32/bin/../lib/gcc/nios2-elf/5.3.0/../../../../../H-x86_64-mingw32/nios2-elf/lib\libc.a(lib_a-locale.o)
                0x0000000008007e20                __locale_cjk_lang
 .text._localeconv_r
                0x0000000008007e28        0xc f:/quartus_18/nios2eds/bin/gnu/h-x86_64-mingw32/bin/../lib/gcc/nios2-elf/5.3.0/../../../../../H-x86_64-mingw32/nios2-elf/lib\libc.a(lib_a-locale.o)
                0x0000000008007e28                _localeconv_r
 .text.setlocale
                0x0000000008007e34       0x18 f:/quartus_18/nios2eds/bin/gnu/h-x86_64-mingw32/bin/../lib/gcc/nios2-elf/5.3.0/../../../../../H-x86_64-mingw32/nios2-elf/lib\libc.a(lib_a-locale.o)
                0x0000000008007e34                setlocale
 .text.localeconv
                0x0000000008007e4c        0xc f:/quartus_18/nios2eds/bin/gnu/h-x86_64-mingw32/bin/../lib/gcc/nios2-elf/5.3.0/../../../../../H-x86_64-mingw32/nios2-elf/lib\libc.a(lib_a-locale.o)
                0x0000000008007e4c                localeconv
 .text          0x0000000008007e58        0x0 f:/quartus_18/nios2eds/bin/gnu/h-x86_64-mingw32/bin/../lib/gcc/nios2-elf/5.3.0/../../../../../H-x86_64-mingw32/nios2-elf/lib\libc.a(lib_a-lseekr.o)
 .text._lseek_r
                0x0000000008007e58       0x60 f:/quartus_18/nios2eds/bin/gnu/h-x86_64-mingw32/bin/../lib/gcc/nios2-elf/5.3.0/../../../../../H-x86_64-mingw32/nios2-elf/lib\libc.a(lib_a-lseekr.o)
                0x0000000008007e58                _lseek_r
 .text          0x0000000008007eb8        0x0 f:/quartus_18/nios2eds/bin/gnu/h-x86_64-mingw32/bin/../lib/gcc/nios2-elf/5.3.0/../../../../../H-x86_64-mingw32/nios2-elf/lib\libc.a(lib_a-memchr.o)
 .text.memchr   0x0000000008007eb8       0xe4 f:/quartus_18/nios2eds/bin/gnu/h-x86_64-mingw32/bin/../lib/gcc/nios2-elf/5.3.0/../../../../../H-x86_64-mingw32/nios2-elf/lib\libc.a(lib_a-memchr.o)
                0x0000000008007eb8                memchr
 .text          0x0000000008007f9c        0x0 f:/quartus_18/nios2eds/bin/gnu/h-x86_64-mingw32/bin/../lib/gcc/nios2-elf/5.3.0/../../../../../H-x86_64-mingw32/nios2-elf/lib\libc.a(lib_a-memcpy.o)
 .text.memcpy   0x0000000008007f9c      0x148 f:/quartus_18/nios2eds/bin/gnu/h-x86_64-mingw32/bin/../lib/gcc/nios2-elf/5.3.0/../../../../../H-x86_64-mingw32/nios2-elf/lib\libc.a(lib_a-memcpy.o)
                0x0000000008007f9c                memcpy
 .text          0x00000000080080e4        0x0 f:/quartus_18/nios2eds/bin/gnu/h-x86_64-mingw32/bin/../lib/gcc/nios2-elf/5.3.0/../../../../../H-x86_64-mingw32/nios2-elf/lib\libc.a(lib_a-memmove.o)
 .text.memmove  0x00000000080080e4      0x15c f:/quartus_18/nios2eds/bin/gnu/h-x86_64-mingw32/bin/../lib/gcc/nios2-elf/5.3.0/../../../../../H-x86_64-mingw32/nios2-elf/lib\libc.a(lib_a-memmove.o)
                0x00000000080080e4                memmove
 .text          0x0000000008008240        0x0 f:/quartus_18/nios2eds/bin/gnu/h-x86_64-mingw32/bin/../lib/gcc/nios2-elf/5.3.0/../../../../../H-x86_64-mingw32/nios2-elf/lib\libc.a(lib_a-mprec.o)
 .text._Balloc  0x0000000008008240       0xa8 f:/quartus_18/nios2eds/bin/gnu/h-x86_64-mingw32/bin/../lib/gcc/nios2-elf/5.3.0/../../../../../H-x86_64-mingw32/nios2-elf/lib\libc.a(lib_a-mprec.o)
                0x0000000008008240                _Balloc
 .text._Bfree   0x00000000080082e8       0x28 f:/quartus_18/nios2eds/bin/gnu/h-x86_64-mingw32/bin/../lib/gcc/nios2-elf/5.3.0/../../../../../H-x86_64-mingw32/nios2-elf/lib\libc.a(lib_a-mprec.o)
                0x00000000080082e8                _Bfree
 .text.__multadd
                0x0000000008008310      0x120 f:/quartus_18/nios2eds/bin/gnu/h-x86_64-mingw32/bin/../lib/gcc/nios2-elf/5.3.0/../../../../../H-x86_64-mingw32/nios2-elf/lib\libc.a(lib_a-mprec.o)
                0x0000000008008310                __multadd
 .text.__s2b    0x0000000008008430      0x104 f:/quartus_18/nios2eds/bin/gnu/h-x86_64-mingw32/bin/../lib/gcc/nios2-elf/5.3.0/../../../../../H-x86_64-mingw32/nios2-elf/lib\libc.a(lib_a-mprec.o)
                0x0000000008008430                __s2b
 .text.__hi0bits
                0x0000000008008534       0x68 f:/quartus_18/nios2eds/bin/gnu/h-x86_64-mingw32/bin/../lib/gcc/nios2-elf/5.3.0/../../../../../H-x86_64-mingw32/nios2-elf/lib\libc.a(lib_a-mprec.o)
                0x0000000008008534                __hi0bits
 .text.__lo0bits
                0x000000000800859c       0xb0 f:/quartus_18/nios2eds/bin/gnu/h-x86_64-mingw32/bin/../lib/gcc/nios2-elf/5.3.0/../../../../../H-x86_64-mingw32/nios2-elf/lib\libc.a(lib_a-mprec.o)
                0x000000000800859c                __lo0bits
 .text.__i2b    0x000000000800864c       0x3c f:/quartus_18/nios2eds/bin/gnu/h-x86_64-mingw32/bin/../lib/gcc/nios2-elf/5.3.0/../../../../../H-x86_64-mingw32/nios2-elf/lib\libc.a(lib_a-mprec.o)
                0x000000000800864c                __i2b
 .text.__multiply
                0x0000000008008688      0x1f8 f:/quartus_18/nios2eds/bin/gnu/h-x86_64-mingw32/bin/../lib/gcc/nios2-elf/5.3.0/../../../../../H-x86_64-mingw32/nios2-elf/lib\libc.a(lib_a-mprec.o)
                0x0000000008008688                __multiply
 .text.__pow5mult
                0x0000000008008880      0x140 f:/quartus_18/nios2eds/bin/gnu/h-x86_64-mingw32/bin/../lib/gcc/nios2-elf/5.3.0/../../../../../H-x86_64-mingw32/nios2-elf/lib\libc.a(lib_a-mprec.o)
                0x0000000008008880                __pow5mult
 .text.__lshift
                0x00000000080089c0      0x148 f:/quartus_18/nios2eds/bin/gnu/h-x86_64-mingw32/bin/../lib/gcc/nios2-elf/5.3.0/../../../../../H-x86_64-mingw32/nios2-elf/lib\libc.a(lib_a-mprec.o)
                0x00000000080089c0                __lshift
 .text.__mcmp   0x0000000008008b08       0x60 f:/quartus_18/nios2eds/bin/gnu/h-x86_64-mingw32/bin/../lib/gcc/nios2-elf/5.3.0/../../../../../H-x86_64-mingw32/nios2-elf/lib\libc.a(lib_a-mprec.o)
                0x0000000008008b08                __mcmp
 .text.__mdiff  0x0000000008008b68      0x1fc f:/quartus_18/nios2eds/bin/gnu/h-x86_64-mingw32/bin/../lib/gcc/nios2-elf/5.3.0/../../../../../H-x86_64-mingw32/nios2-elf/lib\libc.a(lib_a-mprec.o)
                0x0000000008008b68                __mdiff
 .text.__ulp    0x0000000008008d64       0x64 f:/quartus_18/nios2eds/bin/gnu/h-x86_64-mingw32/bin/../lib/gcc/nios2-elf/5.3.0/../../../../../H-x86_64-mingw32/nios2-elf/lib\libc.a(lib_a-mprec.o)
                0x0000000008008d64                __ulp
 .text.__b2d    0x0000000008008dc8      0x10c f:/quartus_18/nios2eds/bin/gnu/h-x86_64-mingw32/bin/../lib/gcc/nios2-elf/5.3.0/../../../../../H-x86_64-mingw32/nios2-elf/lib\libc.a(lib_a-mprec.o)
                0x0000000008008dc8                __b2d
 .text.__d2b    0x0000000008008ed4      0x14c f:/quartus_18/nios2eds/bin/gnu/h-x86_64-mingw32/bin/../lib/gcc/nios2-elf/5.3.0/../../../../../H-x86_64-mingw32/nios2-elf/lib\libc.a(lib_a-mprec.o)
                0x0000000008008ed4                __d2b
 .text.__ratio  0x0000000008009020       0xa4 f:/quartus_18/nios2eds/bin/gnu/h-x86_64-mingw32/bin/../lib/gcc/nios2-elf/5.3.0/../../../../../H-x86_64-mingw32/nios2-elf/lib\libc.a(lib_a-mprec.o)
                0x0000000008009020                __ratio
 .text._mprec_log10
                0x00000000080090c4       0x74 f:/quartus_18/nios2eds/bin/gnu/h-x86_64-mingw32/bin/../lib/gcc/nios2-elf/5.3.0/../../../../../H-x86_64-mingw32/nios2-elf/lib\libc.a(lib_a-mprec.o)
                0x00000000080090c4                _mprec_log10
 .text.__copybits
                0x0000000008009138       0x78 f:/quartus_18/nios2eds/bin/gnu/h-x86_64-mingw32/bin/../lib/gcc/nios2-elf/5.3.0/../../../../../H-x86_64-mingw32/nios2-elf/lib\libc.a(lib_a-mprec.o)
                0x0000000008009138                __copybits
 .text.__any_on
                0x00000000080091b0       0x8c f:/quartus_18/nios2eds/bin/gnu/h-x86_64-mingw32/bin/../lib/gcc/nios2-elf/5.3.0/../../../../../H-x86_64-mingw32/nios2-elf/lib\libc.a(lib_a-mprec.o)
                0x00000000080091b0                __any_on
 .text          0x000000000800923c        0x0 f:/quartus_18/nios2eds/bin/gnu/h-x86_64-mingw32/bin/../lib/gcc/nios2-elf/5.3.0/../../../../../H-x86_64-mingw32/nios2-elf/lib\libc.a(lib_a-readr.o)
 .text._read_r  0x000000000800923c       0x60 f:/quartus_18/nios2eds/bin/gnu/h-x86_64-mingw32/bin/../lib/gcc/nios2-elf/5.3.0/../../../../../H-x86_64-mingw32/nios2-elf/lib\libc.a(lib_a-readr.o)
                0x000000000800923c                _read_r
 .text          0x000000000800929c        0x0 f:/quartus_18/nios2eds/bin/gnu/h-x86_64-mingw32/bin/../lib/gcc/nios2-elf/5.3.0/../../../../../H-x86_64-mingw32/nios2-elf/lib\libc.a(lib_a-reallocr.o)
 .text._realloc_r
                0x000000000800929c      0x564 f:/quartus_18/nios2eds/bin/gnu/h-x86_64-mingw32/bin/../lib/gcc/nios2-elf/5.3.0/../../../../../H-x86_64-mingw32/nios2-elf/lib\libc.a(lib_a-reallocr.o)
                0x000000000800929c                _realloc_r
 .text          0x0000000008009800        0x0 f:/quartus_18/nios2eds/bin/gnu/h-x86_64-mingw32/bin/../lib/gcc/nios2-elf/5.3.0/../../../../../H-x86_64-mingw32/nios2-elf/lib\libc.a(lib_a-s_fpclassify.o)
 .text.__fpclassifyd
                0x0000000008009800       0x74 f:/quartus_18/nios2eds/bin/gnu/h-x86_64-mingw32/bin/../lib/gcc/nios2-elf/5.3.0/../../../../../H-x86_64-mingw32/nios2-elf/lib\libc.a(lib_a-s_fpclassify.o)
                0x0000000008009800                __fpclassifyd
 .text          0x0000000008009874        0x0 f:/quartus_18/nios2eds/bin/gnu/h-x86_64-mingw32/bin/../lib/gcc/nios2-elf/5.3.0/../../../../../H-x86_64-mingw32/nios2-elf/lib\libc.a(lib_a-strcmp.o)
 .text.strcmp   0x0000000008009874       0xdc f:/quartus_18/nios2eds/bin/gnu/h-x86_64-mingw32/bin/../lib/gcc/nios2-elf/5.3.0/../../../../../H-x86_64-mingw32/nios2-elf/lib\libc.a(lib_a-strcmp.o)
                0x0000000008009874                strcmp
 .text          0x0000000008009950        0x0 f:/quartus_18/nios2eds/bin/gnu/h-x86_64-mingw32/bin/../lib/gcc/nios2-elf/5.3.0/../../../../../H-x86_64-mingw32/nios2-elf/lib\libc.a(lib_a-vfiprintf.o)
 .text.__sprint_r.part.0
                0x0000000008009950       0xfc f:/quartus_18/nios2eds/bin/gnu/h-x86_64-mingw32/bin/../lib/gcc/nios2-elf/5.3.0/../../../../../H-x86_64-mingw32/nios2-elf/lib\libc.a(lib_a-vfiprintf.o)
 .text.__sprint_r
                0x0000000008009a4c       0x18 f:/quartus_18/nios2eds/bin/gnu/h-x86_64-mingw32/bin/../lib/gcc/nios2-elf/5.3.0/../../../../../H-x86_64-mingw32/nios2-elf/lib\libc.a(lib_a-vfiprintf.o)
                0x0000000008009a4c                __sprint_r
 .text.___vfiprintf_internal_r
                0x0000000008009a64     0x145c f:/quartus_18/nios2eds/bin/gnu/h-x86_64-mingw32/bin/../lib/gcc/nios2-elf/5.3.0/../../../../../H-x86_64-mingw32/nios2-elf/lib\libc.a(lib_a-vfiprintf.o)
                0x0000000008009a64                ___vfiprintf_internal_r
 .text.__vfiprintf_internal
                0x000000000800aec0       0x1c f:/quartus_18/nios2eds/bin/gnu/h-x86_64-mingw32/bin/../lib/gcc/nios2-elf/5.3.0/../../../../../H-x86_64-mingw32/nios2-elf/lib\libc.a(lib_a-vfiprintf.o)
                0x000000000800aec0                __vfiprintf_internal
 .text.__sbprintf
                0x000000000800aedc       0xbc f:/quartus_18/nios2eds/bin/gnu/h-x86_64-mingw32/bin/../lib/gcc/nios2-elf/5.3.0/../../../../../H-x86_64-mingw32/nios2-elf/lib\libc.a(lib_a-vfiprintf.o)
 .text          0x000000000800af98        0x0 f:/quartus_18/nios2eds/bin/gnu/h-x86_64-mingw32/bin/../lib/gcc/nios2-elf/5.3.0/../../../../../H-x86_64-mingw32/nios2-elf/lib\libc.a(lib_a-callocr.o)
 .text._calloc_r
                0x000000000800af98       0xc4 f:/quartus_18/nios2eds/bin/gnu/h-x86_64-mingw32/bin/../lib/gcc/nios2-elf/5.3.0/../../../../../H-x86_64-mingw32/nios2-elf/lib\libc.a(lib_a-callocr.o)
                0x000000000800af98                _calloc_r
 .text          0x000000000800b05c        0x0 f:/quartus_18/nios2eds/bin/gnu/h-x86_64-mingw32/bin/../lib/gcc/nios2-elf/5.3.0/../../../../../H-x86_64-mingw32/nios2-elf/lib\libc.a(lib_a-fputwc.o)
 .text.__fputwc
                0x000000000800b05c      0x164 f:/quartus_18/nios2eds/bin/gnu/h-x86_64-mingw32/bin/../lib/gcc/nios2-elf/5.3.0/../../../../../H-x86_64-mingw32/nios2-elf/lib\libc.a(lib_a-fputwc.o)
                0x000000000800b05c                __fputwc
 .text._fputwc_r
                0x000000000800b1c0       0x24 f:/quartus_18/nios2eds/bin/gnu/h-x86_64-mingw32/bin/../lib/gcc/nios2-elf/5.3.0/../../../../../H-x86_64-mingw32/nios2-elf/lib\libc.a(lib_a-fputwc.o)
                0x000000000800b1c0                _fputwc_r
 .text.fputwc   0x000000000800b1e4       0x80 f:/quartus_18/nios2eds/bin/gnu/h-x86_64-mingw32/bin/../lib/gcc/nios2-elf/5.3.0/../../../../../H-x86_64-mingw32/nios2-elf/lib\libc.a(lib_a-fputwc.o)
                0x000000000800b1e4                fputwc
 .text          0x000000000800b264        0x0 f:/quartus_18/nios2eds/bin/gnu/h-x86_64-mingw32/bin/../lib/gcc/nios2-elf/5.3.0/../../../../../H-x86_64-mingw32/nios2-elf/lib\libc.a(lib_a-wbuf.o)
 .text.__swbuf_r
                0x000000000800b264      0x140 f:/quartus_18/nios2eds/bin/gnu/h-x86_64-mingw32/bin/../lib/gcc/nios2-elf/5.3.0/../../../../../H-x86_64-mingw32/nios2-elf/lib\libc.a(lib_a-wbuf.o)
                0x000000000800b264                __swbuf_r
 .text.__swbuf  0x000000000800b3a4       0x18 f:/quartus_18/nios2eds/bin/gnu/h-x86_64-mingw32/bin/../lib/gcc/nios2-elf/5.3.0/../../../../../H-x86_64-mingw32/nios2-elf/lib\libc.a(lib_a-wbuf.o)
                0x000000000800b3a4                __swbuf
 .text          0x000000000800b3bc        0x0 f:/quartus_18/nios2eds/bin/gnu/h-x86_64-mingw32/bin/../lib/gcc/nios2-elf/5.3.0/../../../../../H-x86_64-mingw32/nios2-elf/lib\libc.a(lib_a-wcrtomb.o)
 .text._wcrtomb_r
                0x000000000800b3bc       0x9c f:/quartus_18/nios2eds/bin/gnu/h-x86_64-mingw32/bin/../lib/gcc/nios2-elf/5.3.0/../../../../../H-x86_64-mingw32/nios2-elf/lib\libc.a(lib_a-wcrtomb.o)
                0x000000000800b3bc                _wcrtomb_r
 .text.wcrtomb  0x000000000800b458       0xc0 f:/quartus_18/nios2eds/bin/gnu/h-x86_64-mingw32/bin/../lib/gcc/nios2-elf/5.3.0/../../../../../H-x86_64-mingw32/nios2-elf/lib\libc.a(lib_a-wcrtomb.o)
                0x000000000800b458                wcrtomb
 .text          0x000000000800b518        0x0 f:/quartus_18/nios2eds/bin/gnu/h-x86_64-mingw32/bin/../lib/gcc/nios2-elf/5.3.0/../../../../../H-x86_64-mingw32/nios2-elf/lib\libc.a(lib_a-wctomb_r.o)
 .text.__ascii_wctomb
                0x000000000800b518       0x30 f:/quartus_18/nios2eds/bin/gnu/h-x86_64-mingw32/bin/../lib/gcc/nios2-elf/5.3.0/../../../../../H-x86_64-mingw32/nios2-elf/lib\libc.a(lib_a-wctomb_r.o)
                0x000000000800b518                __ascii_wctomb
 .text._wctomb_r
                0x000000000800b548       0x5c f:/quartus_18/nios2eds/bin/gnu/h-x86_64-mingw32/bin/../lib/gcc/nios2-elf/5.3.0/../../../../../H-x86_64-mingw32/nios2-elf/lib\libc.a(lib_a-wctomb_r.o)
                0x000000000800b548                _wctomb_r
 .text          0x000000000800b5a4      0x578 f:/quartus_18/nios2eds/bin/gnu/h-x86_64-mingw32/bin/../lib/gcc/nios2-elf/5.3.0\libgcc.a(_udivdi3.o)
                0x000000000800b5a4                __udivdi3
 .text          0x000000000800bb1c      0x538 f:/quartus_18/nios2eds/bin/gnu/h-x86_64-mingw32/bin/../lib/gcc/nios2-elf/5.3.0\libgcc.a(_umoddi3.o)
                0x000000000800bb1c                __umoddi3
 .text          0x000000000800c054      0x1b4 f:/quartus_18/nios2eds/bin/gnu/h-x86_64-mingw32/bin/../lib/gcc/nios2-elf/5.3.0\libgcc.a(lib2-divmod.o)
                0x000000000800c054                __divsi3
                0x000000000800c0d8                __modsi3
                0x000000000800c14c                __udivsi3
                0x000000000800c1b0                __umodsi3
 .text          0x000000000800c208      0x8ac f:/quartus_18/nios2eds/bin/gnu/h-x86_64-mingw32/bin/../lib/gcc/nios2-elf/5.3.0\libgcc.a(adddf3.o)
                0x000000000800c208                __adddf3
 .text          0x000000000800cab4      0x8e8 f:/quartus_18/nios2eds/bin/gnu/h-x86_64-mingw32/bin/../lib/gcc/nios2-elf/5.3.0\libgcc.a(divdf3.o)
                0x000000000800cab4                __divdf3
 .text          0x000000000800d39c       0x88 f:/quartus_18/nios2eds/bin/gnu/h-x86_64-mingw32/bin/../lib/gcc/nios2-elf/5.3.0\libgcc.a(eqdf2.o)
                0x000000000800d39c                __nedf2
                0x000000000800d39c                __eqdf2
 .text          0x000000000800d424       0xdc f:/quartus_18/nios2eds/bin/gnu/h-x86_64-mingw32/bin/../lib/gcc/nios2-elf/5.3.0\libgcc.a(gedf2.o)
                0x000000000800d424                __gedf2
                0x000000000800d424                __gtdf2
 .text          0x000000000800d500       0xf4 f:/quartus_18/nios2eds/bin/gnu/h-x86_64-mingw32/bin/../lib/gcc/nios2-elf/5.3.0\libgcc.a(ledf2.o)
                0x000000000800d500                __ledf2
                0x000000000800d500                __ltdf2
 .text          0x000000000800d5f4      0x718 f:/quartus_18/nios2eds/bin/gnu/h-x86_64-mingw32/bin/../lib/gcc/nios2-elf/5.3.0\libgcc.a(muldf3.o)
                0x000000000800d5f4                __muldf3
 .text          0x000000000800dd0c      0x8fc f:/quartus_18/nios2eds/bin/gnu/h-x86_64-mingw32/bin/../lib/gcc/nios2-elf/5.3.0\libgcc.a(subdf3.o)
                0x000000000800dd0c                __subdf3
 .text          0x000000000800e608       0x80 f:/quartus_18/nios2eds/bin/gnu/h-x86_64-mingw32/bin/../lib/gcc/nios2-elf/5.3.0\libgcc.a(fixdfsi.o)
                0x000000000800e608                __fixdfsi
 .text          0x000000000800e688       0xdc f:/quartus_18/nios2eds/bin/gnu/h-x86_64-mingw32/bin/../lib/gcc/nios2-elf/5.3.0\libgcc.a(floatsidf.o)
                0x000000000800e688                __floatsidf
 .text          0x000000000800e764       0xa8 f:/quartus_18/nios2eds/bin/gnu/h-x86_64-mingw32/bin/../lib/gcc/nios2-elf/5.3.0\libgcc.a(floatunsidf.o)
                0x000000000800e764                __floatunsidf
 .text          0x000000000800e80c      0x10c ../NiosII_Screen_Reader_bsp/\libhal_bsp.a(alt_close.o)
                0x000000000800e848                close
 .text          0x000000000800e918       0x2c ../NiosII_Screen_Reader_bsp/\libhal_bsp.a(alt_dev.o)
 .text          0x000000000800e944       0xe0 ../NiosII_Screen_Reader_bsp/\libhal_bsp.a(alt_dev_llist_insert.o)
                0x000000000800e980                alt_dev_llist_insert
 .text          0x000000000800ea24        0x0 ../NiosII_Screen_Reader_bsp/\libhal_bsp.a(alt_errno.o)
 .text          0x000000000800ea24       0x80 ../NiosII_Screen_Reader_bsp/\libhal_bsp.a(alt_fs_reg.o)
                0x000000000800ea24                alt_fs_reg
 .text          0x000000000800eaa4       0xec ../NiosII_Screen_Reader_bsp/\libhal_bsp.a(alt_fstat.o)
                0x000000000800eae0                fstat
 .text          0x000000000800eb90       0xe0 ../NiosII_Screen_Reader_bsp/\libhal_bsp.a(alt_isatty.o)
                0x000000000800ebcc                isatty
 .text          0x000000000800ec70       0xec ../NiosII_Screen_Reader_bsp/\libhal_bsp.a(alt_load.o)
                0x000000000800ecd8                alt_load
 .text          0x000000000800ed5c      0x110 ../NiosII_Screen_Reader_bsp/\libhal_bsp.a(alt_lseek.o)
                0x000000000800ed98                lseek
 .text          0x000000000800ee6c       0x7c ../NiosII_Screen_Reader_bsp/\libhal_bsp.a(alt_main.o)
                0x000000000800ee6c                alt_main
 .text          0x000000000800eee8       0x48 ../NiosII_Screen_Reader_bsp/\libhal_bsp.a(alt_malloc_lock.o)
                0x000000000800eee8                __malloc_lock
                0x000000000800ef0c                __malloc_unlock
 .text          0x000000000800ef30      0x254 ../NiosII_Screen_Reader_bsp/\libhal_bsp.a(alt_open.o)
                0x000000000800f030                open
 .text          0x000000000800f184      0x138 ../NiosII_Screen_Reader_bsp/\libhal_bsp.a(alt_read.o)
                0x000000000800f1c0                read
 .text          0x000000000800f2bc       0x64 ../NiosII_Screen_Reader_bsp/\libhal_bsp.a(alt_release_fd.o)
                0x000000000800f2bc                alt_release_fd
 .text          0x000000000800f320       0xb0 ../NiosII_Screen_Reader_bsp/\libhal_bsp.a(alt_sbrk.o)
                0x000000000800f320                sbrk
 .text          0x000000000800f3d0      0x134 ../NiosII_Screen_Reader_bsp/\libhal_bsp.a(alt_write.o)
                0x000000000800f40c                write
 .text          0x000000000800f504       0x24 ../NiosII_Screen_Reader_bsp/\libhal_bsp.a(altera_nios2_gen2_irq.o)
                0x000000000800f504                altera_nios2_gen2_irq_init
 .text          0x000000000800f528      0x164 ../NiosII_Screen_Reader_bsp/\libhal_bsp.a(altera_avalon_jtag_uart_fd.o)
                0x000000000800f528                altera_avalon_jtag_uart_read_fd
                0x000000000800f588                altera_avalon_jtag_uart_write_fd
                0x000000000800f5e8                altera_avalon_jtag_uart_close_fd
                0x000000000800f638                altera_avalon_jtag_uart_ioctl_fd
 .text          0x000000000800f68c      0x3d4 ../NiosII_Screen_Reader_bsp/\libhal_bsp.a(altera_avalon_jtag_uart_init.o)
                0x000000000800f68c                altera_avalon_jtag_uart_init
                0x000000000800f9f8                altera_avalon_jtag_uart_close
 .text          0x000000000800fa60       0xf0 ../NiosII_Screen_Reader_bsp/\libhal_bsp.a(altera_avalon_jtag_uart_ioctl.o)
                0x000000000800fa60                altera_avalon_jtag_uart_ioctl
 .text          0x000000000800fb50      0x21c ../NiosII_Screen_Reader_bsp/\libhal_bsp.a(altera_avalon_jtag_uart_read.o)
                0x000000000800fb50                altera_avalon_jtag_uart_read
 .text          0x000000000800fd6c      0x224 ../NiosII_Screen_Reader_bsp/\libhal_bsp.a(altera_avalon_jtag_uart_write.o)
                0x000000000800fd6c                altera_avalon_jtag_uart_write
 .text          0x000000000800ff90      0x484 ../NiosII_Screen_Reader_bsp/\libhal_bsp.a(altera_hostfs.o)
                0x000000000800ff90                alt_hostfs_open
                0x00000000080100ac                alt_hostfs_close
                0x00000000080100f0                alt_hostfs_read
                0x000000000801015c                alt_hostfs_write
                0x00000000080101c8                alt_hostfs_seek
                0x0000000008010230                alt_hostfs_fstat
 .text          0x0000000008010414      0x12c ../NiosII_Screen_Reader_bsp/\libhal_bsp.a(alt_alarm_start.o)
                0x0000000008010414                alt_alarm_start
 .text          0x0000000008010540       0x48 ../NiosII_Screen_Reader_bsp/\libhal_bsp.a(alt_dcache_flush_all.o)
                0x0000000008010540                alt_dcache_flush_all
 .text          0x0000000008010588       0x60 ../NiosII_Screen_Reader_bsp/\libhal_bsp.a(alt_do_ctors.o)
                0x0000000008010588                _do_ctors
 .text          0x00000000080105e8       0x60 ../NiosII_Screen_Reader_bsp/\libhal_bsp.a(alt_do_dtors.o)
                0x00000000080105e8                _do_dtors
 .text          0x0000000008010648       0x90 ../NiosII_Screen_Reader_bsp/\libhal_bsp.a(alt_find_dev.o)
                0x0000000008010648                alt_find_dev
 .text          0x00000000080106d8      0x108 ../NiosII_Screen_Reader_bsp/\libhal_bsp.a(alt_find_file.o)
                0x00000000080106d8                alt_find_file
 .text          0x00000000080107e0       0xa4 ../NiosII_Screen_Reader_bsp/\libhal_bsp.a(alt_get_fd.o)
                0x00000000080107e0                alt_get_fd
 .text          0x0000000008010884       0x34 ../NiosII_Screen_Reader_bsp/\libhal_bsp.a(alt_icache_flush_all.o)
                0x0000000008010884                alt_icache_flush_all
 .text          0x00000000080108b8      0x1b0 ../NiosII_Screen_Reader_bsp/\libhal_bsp.a(alt_iic.o)
                0x00000000080108b8                alt_ic_isr_register
                0x0000000008010908                alt_ic_irq_enable
                0x0000000008010990                alt_ic_irq_disable
                0x0000000008010a1c                alt_ic_irq_enabled
 .text          0x0000000008010a68       0xf0 ../NiosII_Screen_Reader_bsp/\libhal_bsp.a(alt_iic_isr_register.o)
                0x0000000008010a68                alt_iic_isr_register
 .text          0x0000000008010b58      0x140 ../NiosII_Screen_Reader_bsp/\libhal_bsp.a(alt_io_redirect.o)
                0x0000000008010c1c                alt_io_redirect
 .text          0x0000000008010c98        0x0 ../NiosII_Screen_Reader_bsp/\libhal_bsp.a(alt_irq_entry.o)
 .text          0x0000000008010c98        0x0 ../NiosII_Screen_Reader_bsp/\libhal_bsp.a(alt_irq_handler.o)
 .text          0x0000000008010c98        0x0 ../NiosII_Screen_Reader_bsp/\libhal_bsp.a(alt_irq_vars.o)
 .text          0x0000000008010c98      0x1a4 ../NiosII_Screen_Reader_bsp/\libhal_bsp.a(alt_tick.o)
                0x0000000008010c98                alt_alarm_stop
                0x0000000008010d34                alt_tick
 .text          0x0000000008010e3c        0x0 ../NiosII_Screen_Reader_bsp/\libhal_bsp.a(alt_exception_entry.o)
 .text          0x0000000008010e3c       0x90 ../NiosII_Screen_Reader_bsp/\libhal_bsp.a(alt_icache_flush.o)
                0x0000000008010e3c                alt_icache_flush
 .text          0x0000000008010ecc       0x9c ../NiosII_Screen_Reader_bsp/\libhal_bsp.a(alt_instruction_exception_entry.o)
                0x0000000008010ecc                alt_exception_cause_generated_bad_addr
 .text          0x0000000008010f68        0x0 f:/quartus_18/nios2eds/bin/gnu/h-x86_64-mingw32/bin/../lib/gcc/nios2-elf/5.3.0/../../../../../H-x86_64-mingw32/nios2-elf/lib\libc.a(lib_a-atexit.o)
 .text.atexit   0x0000000008010f68       0x14 f:/quartus_18/nios2eds/bin/gnu/h-x86_64-mingw32/bin/../lib/gcc/nios2-elf/5.3.0/../../../../../H-x86_64-mingw32/nios2-elf/lib\libc.a(lib_a-atexit.o)
                0x0000000008010f68                atexit
 .text          0x0000000008010f7c        0x0 f:/quartus_18/nios2eds/bin/gnu/h-x86_64-mingw32/bin/../lib/gcc/nios2-elf/5.3.0/../../../../../H-x86_64-mingw32/nios2-elf/lib\libc.a(lib_a-exit.o)
 .text.exit     0x0000000008010f7c       0x38 f:/quartus_18/nios2eds/bin/gnu/h-x86_64-mingw32/bin/../lib/gcc/nios2-elf/5.3.0/../../../../../H-x86_64-mingw32/nios2-elf/lib\libc.a(lib_a-exit.o)
                0x0000000008010f7c                exit
 .text          0x0000000008010fb4        0x0 f:/quartus_18/nios2eds/bin/gnu/h-x86_64-mingw32/bin/../lib/gcc/nios2-elf/5.3.0/../../../../../H-x86_64-mingw32/nios2-elf/lib\libc.a(lib_a-memcmp.o)
 .text.memcmp   0x0000000008010fb4       0x7c f:/quartus_18/nios2eds/bin/gnu/h-x86_64-mingw32/bin/../lib/gcc/nios2-elf/5.3.0/../../../../../H-x86_64-mingw32/nios2-elf/lib\libc.a(lib_a-memcmp.o)
                0x0000000008010fb4                memcmp
 .text          0x0000000008011030        0x0 f:/quartus_18/nios2eds/bin/gnu/h-x86_64-mingw32/bin/../lib/gcc/nios2-elf/5.3.0/../../../../../H-x86_64-mingw32/nios2-elf/lib\libc.a(lib_a-__atexit.o)
 .text.__register_exitproc
                0x0000000008011030      0x118 f:/quartus_18/nios2eds/bin/gnu/h-x86_64-mingw32/bin/../lib/gcc/nios2-elf/5.3.0/../../../../../H-x86_64-mingw32/nios2-elf/lib\libc.a(lib_a-__atexit.o)
                0x0000000008011030                __register_exitproc
 .text          0x0000000008011148        0x0 f:/quartus_18/nios2eds/bin/gnu/h-x86_64-mingw32/bin/../lib/gcc/nios2-elf/5.3.0/../../../../../H-x86_64-mingw32/nios2-elf/lib\libc.a(lib_a-__call_atexit.o)
 .text.__call_exitprocs
                0x0000000008011148      0x180 f:/quartus_18/nios2eds/bin/gnu/h-x86_64-mingw32/bin/../lib/gcc/nios2-elf/5.3.0/../../../../../H-x86_64-mingw32/nios2-elf/lib\libc.a(lib_a-__call_atexit.o)
                0x0000000008011148                __call_exitprocs
 .text          0x00000000080112c8       0x34 ../NiosII_Screen_Reader_bsp/\libhal_bsp.a(alt_exit.o)
                0x00000000080112c8                _exit
 *(.gnu.warning.*)
 *(.fini)
                [!provide]                        PROVIDE (__etext, ABSOLUTE (.))
                [!provide]                        PROVIDE (_etext, ABSOLUTE (.))
                [!provide]                        PROVIDE (etext, ABSOLUTE (.))
 *(.eh_frame_hdr)
                0x00000000080112fc                . = ALIGN (0x4)
                [!provide]                        PROVIDE (__preinit_array_start, ABSOLUTE (.))
 *(.preinit_array)
                [!provide]                        PROVIDE (__preinit_array_end, ABSOLUTE (.))
                [!provide]                        PROVIDE (__init_array_start, ABSOLUTE (.))
 *(.init_array)
                [!provide]                        PROVIDE (__init_array_end, ABSOLUTE (.))
                [!provide]                        PROVIDE (__fini_array_start, ABSOLUTE (.))
 *(.fini_array)
                [!provide]                        PROVIDE (__fini_array_end, ABSOLUTE (.))
 *(.eh_frame)
 *(.gcc_except_table .gcc_except_table.*)
 *(.dynamic)
                0x00000000080112fc                PROVIDE (__CTOR_LIST__, ABSOLUTE (.))
 *(.ctors)
 *(SORT(.ctors.*))
                0x00000000080112fc                PROVIDE (__CTOR_END__, ABSOLUTE (.))
                0x00000000080112fc                PROVIDE (__DTOR_LIST__, ABSOLUTE (.))
 *(.dtors)
 *(SORT(.dtors.*))
                0x00000000080112fc                PROVIDE (__DTOR_END__, ABSOLUTE (.))
 *(.jcr)
                0x00000000080112fc                . = ALIGN (0x4)

.rodata         0x00000000080112fc      0x334
                0x00000000080112fc                PROVIDE (__ram_rodata_start, ABSOLUTE (.))
                0x00000000080112fc                . = ALIGN (0x4)
 *(.rodata .rodata.* .gnu.linkonce.r.*)
 .rodata        0x00000000080112fc       0x50 obj/default/main.o
 .rodata        0x000000000801134c      0x100 f:/quartus_18/nios2eds/bin/gnu/h-x86_64-mingw32/bin/../lib/gcc/nios2-elf/5.3.0\libgcc.a(_clz.o)
                0x000000000801134c                __clz_tab
 .rodata.str1.4
                0x000000000801144c        0x2 f:/quartus_18/nios2eds/bin/gnu/h-x86_64-mingw32/bin/../lib/gcc/nios2-elf/5.3.0/../../../../../H-x86_64-mingw32/nios2-elf/lib\libc.a(lib_a-impure.o)
 *fill*         0x000000000801144e        0x2 
 .rodata.str1.4
                0x0000000008011450        0x2 f:/quartus_18/nios2eds/bin/gnu/h-x86_64-mingw32/bin/../lib/gcc/nios2-elf/5.3.0/../../../../../H-x86_64-mingw32/nios2-elf/lib\libc.a(lib_a-puts.o)
 *fill*         0x0000000008011452        0x2 
 .rodata.str1.4
                0x0000000008011454       0x42 f:/quartus_18/nios2eds/bin/gnu/h-x86_64-mingw32/bin/../lib/gcc/nios2-elf/5.3.0/../../../../../H-x86_64-mingw32/nios2-elf/lib\libc.a(lib_a-vfprintf.o)
 .rodata.zeroes.4404
                0x0000000008011496       0x10 f:/quartus_18/nios2eds/bin/gnu/h-x86_64-mingw32/bin/../lib/gcc/nios2-elf/5.3.0/../../../../../H-x86_64-mingw32/nios2-elf/lib\libc.a(lib_a-vfprintf.o)
 .rodata.blanks.4403
                0x00000000080114a6       0x10 f:/quartus_18/nios2eds/bin/gnu/h-x86_64-mingw32/bin/../lib/gcc/nios2-elf/5.3.0/../../../../../H-x86_64-mingw32/nios2-elf/lib\libc.a(lib_a-vfprintf.o)
 *fill*         0x00000000080114b6        0x2 
 .rodata.str1.4
                0x00000000080114b8       0x10 f:/quartus_18/nios2eds/bin/gnu/h-x86_64-mingw32/bin/../lib/gcc/nios2-elf/5.3.0/../../../../../H-x86_64-mingw32/nios2-elf/lib\libc.a(lib_a-dtoa.o)
                                         0x12 (size before relaxing)
 .rodata.str1.4
                0x00000000080114c8        0xc f:/quartus_18/nios2eds/bin/gnu/h-x86_64-mingw32/bin/../lib/gcc/nios2-elf/5.3.0/../../../../../H-x86_64-mingw32/nios2-elf/lib\libc.a(lib_a-locale.o)
                                         0x12 (size before relaxing)
 .rodata.p05.2768
                0x00000000080114d4        0xc f:/quartus_18/nios2eds/bin/gnu/h-x86_64-mingw32/bin/../lib/gcc/nios2-elf/5.3.0/../../../../../H-x86_64-mingw32/nios2-elf/lib\libc.a(lib_a-mprec.o)
 .rodata.__mprec_tinytens
                0x00000000080114e0       0x28 f:/quartus_18/nios2eds/bin/gnu/h-x86_64-mingw32/bin/../lib/gcc/nios2-elf/5.3.0/../../../../../H-x86_64-mingw32/nios2-elf/lib\libc.a(lib_a-mprec.o)
                0x00000000080114e0                __mprec_tinytens
 .rodata.__mprec_bigtens
                0x0000000008011508       0x28 f:/quartus_18/nios2eds/bin/gnu/h-x86_64-mingw32/bin/../lib/gcc/nios2-elf/5.3.0/../../../../../H-x86_64-mingw32/nios2-elf/lib\libc.a(lib_a-mprec.o)
                0x0000000008011508                __mprec_bigtens
 .rodata.__mprec_tens
                0x0000000008011530       0xc8 f:/quartus_18/nios2eds/bin/gnu/h-x86_64-mingw32/bin/../lib/gcc/nios2-elf/5.3.0/../../../../../H-x86_64-mingw32/nios2-elf/lib\libc.a(lib_a-mprec.o)
                0x0000000008011530                __mprec_tens
 .rodata.str1.4
                0x00000000080115f8       0x2f f:/quartus_18/nios2eds/bin/gnu/h-x86_64-mingw32/bin/../lib/gcc/nios2-elf/5.3.0/../../../../../H-x86_64-mingw32/nios2-elf/lib\libc.a(lib_a-vfiprintf.o)
 .rodata.zeroes.4349
                0x00000000080115f8       0x10 f:/quartus_18/nios2eds/bin/gnu/h-x86_64-mingw32/bin/../lib/gcc/nios2-elf/5.3.0/../../../../../H-x86_64-mingw32/nios2-elf/lib\libc.a(lib_a-vfiprintf.o)
 .rodata.blanks.4348
                0x0000000008011608       0x10 f:/quartus_18/nios2eds/bin/gnu/h-x86_64-mingw32/bin/../lib/gcc/nios2-elf/5.3.0/../../../../../H-x86_64-mingw32/nios2-elf/lib\libc.a(lib_a-vfiprintf.o)
 .rodata        0x0000000008011618        0xa ../NiosII_Screen_Reader_bsp/\libhal_bsp.a(alt_dev.o)
 *fill*         0x0000000008011622        0x2 
 .rodata        0x0000000008011624        0xa ../NiosII_Screen_Reader_bsp/\libhal_bsp.a(alt_main.o)
 *(.rodata1)
                0x0000000008011630                . = ALIGN (0x4)
 *fill*         0x000000000801162e        0x2 
                0x0000000008011630                PROVIDE (__ram_rodata_end, ABSOLUTE (.))
                0x00000000080112fc                PROVIDE (__flash_rodata_start, LOADADDR (.rodata))

.rwdata         0x0000000008011630     0x1b5c load address 0x000000000801318c
                0x0000000008011630                PROVIDE (__ram_rwdata_start, ABSOLUTE (.))
                0x0000000008011630                . = ALIGN (0x4)
 *(.got.plt)
 *(.got)
 *(.data1)
 *(.data .data.* .gnu.linkonce.d.*)
 .data          0x0000000008011630        0x0 ../NiosII_Screen_Reader_bsp//obj/HAL/src/crt0.o
 .data          0x0000000008011630     0x1088 obj/default/main.o
 .data          0x00000000080126b8        0x0 f:/quartus_18/nios2eds/bin/gnu/h-x86_64-mingw32/bin/../lib/gcc/nios2-elf/5.3.0\libgcc.a(_fixunssfsi.o)
 .data          0x00000000080126b8        0x0 f:/quartus_18/nios2eds/bin/gnu/h-x86_64-mingw32/bin/../lib/gcc/nios2-elf/5.3.0\libgcc.a(divsf3.o)
 .data          0x00000000080126b8        0x0 f:/quartus_18/nios2eds/bin/gnu/h-x86_64-mingw32/bin/../lib/gcc/nios2-elf/5.3.0\libgcc.a(gesf2.o)
 .data          0x00000000080126b8        0x0 f:/quartus_18/nios2eds/bin/gnu/h-x86_64-mingw32/bin/../lib/gcc/nios2-elf/5.3.0\libgcc.a(mulsf3.o)
 .data          0x00000000080126b8        0x0 f:/quartus_18/nios2eds/bin/gnu/h-x86_64-mingw32/bin/../lib/gcc/nios2-elf/5.3.0\libgcc.a(subsf3.o)
 .data          0x00000000080126b8        0x0 f:/quartus_18/nios2eds/bin/gnu/h-x86_64-mingw32/bin/../lib/gcc/nios2-elf/5.3.0\libgcc.a(fixsfsi.o)
 .data          0x00000000080126b8        0x0 f:/quartus_18/nios2eds/bin/gnu/h-x86_64-mingw32/bin/../lib/gcc/nios2-elf/5.3.0\libgcc.a(floatsisf.o)
 .data          0x00000000080126b8        0x0 f:/quartus_18/nios2eds/bin/gnu/h-x86_64-mingw32/bin/../lib/gcc/nios2-elf/5.3.0\libgcc.a(_clzsi2.o)
 .data          0x00000000080126b8        0x0 f:/quartus_18/nios2eds/bin/gnu/h-x86_64-mingw32/bin/../lib/gcc/nios2-elf/5.3.0\libgcc.a(_clz.o)
 .data          0x00000000080126b8        0x0 f:/quartus_18/nios2eds/bin/gnu/h-x86_64-mingw32/bin/../lib/gcc/nios2-elf/5.3.0/../../../../../H-x86_64-mingw32/nios2-elf/lib\libc.a(lib_a-fclose.o)
 .data          0x00000000080126b8        0x0 f:/quartus_18/nios2eds/bin/gnu/h-x86_64-mingw32/bin/../lib/gcc/nios2-elf/5.3.0/../../../../../H-x86_64-mingw32/nios2-elf/lib\libc.a(lib_a-fflush.o)
 .data          0x00000000080126b8        0x0 f:/quartus_18/nios2eds/bin/gnu/h-x86_64-mingw32/bin/../lib/gcc/nios2-elf/5.3.0/../../../../../H-x86_64-mingw32/nios2-elf/lib\libc.a(lib_a-findfp.o)
 .data          0x00000000080126b8        0x0 f:/quartus_18/nios2eds/bin/gnu/h-x86_64-mingw32/bin/../lib/gcc/nios2-elf/5.3.0/../../../../../H-x86_64-mingw32/nios2-elf/lib\libc.a(lib_a-fopen.o)
 .data          0x00000000080126b8        0x0 f:/quartus_18/nios2eds/bin/gnu/h-x86_64-mingw32/bin/../lib/gcc/nios2-elf/5.3.0/../../../../../H-x86_64-mingw32/nios2-elf/lib\libc.a(lib_a-fprintf.o)
 .data          0x00000000080126b8        0x0 f:/quartus_18/nios2eds/bin/gnu/h-x86_64-mingw32/bin/../lib/gcc/nios2-elf/5.3.0/../../../../../H-x86_64-mingw32/nios2-elf/lib\libc.a(lib_a-freer.o)
 .data          0x00000000080126b8        0x0 f:/quartus_18/nios2eds/bin/gnu/h-x86_64-mingw32/bin/../lib/gcc/nios2-elf/5.3.0/../../../../../H-x86_64-mingw32/nios2-elf/lib\libc.a(lib_a-fseek.o)
 .data          0x00000000080126b8        0x0 f:/quartus_18/nios2eds/bin/gnu/h-x86_64-mingw32/bin/../lib/gcc/nios2-elf/5.3.0/../../../../../H-x86_64-mingw32/nios2-elf/lib\libc.a(lib_a-fseeko.o)
 .data          0x00000000080126b8        0x0 f:/quartus_18/nios2eds/bin/gnu/h-x86_64-mingw32/bin/../lib/gcc/nios2-elf/5.3.0/../../../../../H-x86_64-mingw32/nios2-elf/lib\libc.a(lib_a-fstatr.o)
 .data          0x00000000080126b8        0x0 f:/quartus_18/nios2eds/bin/gnu/h-x86_64-mingw32/bin/../lib/gcc/nios2-elf/5.3.0/../../../../../H-x86_64-mingw32/nios2-elf/lib\libc.a(lib_a-fwalk.o)
 .data          0x00000000080126b8        0x0 f:/quartus_18/nios2eds/bin/gnu/h-x86_64-mingw32/bin/../lib/gcc/nios2-elf/5.3.0/../../../../../H-x86_64-mingw32/nios2-elf/lib\libc.a(lib_a-impure.o)
 .data.impure_data
                0x00000000080126b8      0x424 f:/quartus_18/nios2eds/bin/gnu/h-x86_64-mingw32/bin/../lib/gcc/nios2-elf/5.3.0/../../../../../H-x86_64-mingw32/nios2-elf/lib\libc.a(lib_a-impure.o)
 .data          0x0000000008012adc        0x0 f:/quartus_18/nios2eds/bin/gnu/h-x86_64-mingw32/bin/../lib/gcc/nios2-elf/5.3.0/../../../../../H-x86_64-mingw32/nios2-elf/lib\libc.a(lib_a-int_errno.o)
 .data          0x0000000008012adc        0x0 f:/quartus_18/nios2eds/bin/gnu/h-x86_64-mingw32/bin/../lib/gcc/nios2-elf/5.3.0/../../../../../H-x86_64-mingw32/nios2-elf/lib\libc.a(lib_a-itoa.o)
 .data          0x0000000008012adc        0x0 f:/quartus_18/nios2eds/bin/gnu/h-x86_64-mingw32/bin/../lib/gcc/nios2-elf/5.3.0/../../../../../H-x86_64-mingw32/nios2-elf/lib\libc.a(lib_a-makebuf.o)
 .data          0x0000000008012adc        0x0 f:/quartus_18/nios2eds/bin/gnu/h-x86_64-mingw32/bin/../lib/gcc/nios2-elf/5.3.0/../../../../../H-x86_64-mingw32/nios2-elf/lib\libc.a(lib_a-mallocr.o)
 .data.__malloc_av_
                0x0000000008012adc      0x408 f:/quartus_18/nios2eds/bin/gnu/h-x86_64-mingw32/bin/../lib/gcc/nios2-elf/5.3.0/../../../../../H-x86_64-mingw32/nios2-elf/lib\libc.a(lib_a-mallocr.o)
                0x0000000008012adc                __malloc_av_
 .data          0x0000000008012ee4        0x0 f:/quartus_18/nios2eds/bin/gnu/h-x86_64-mingw32/bin/../lib/gcc/nios2-elf/5.3.0/../../../../../H-x86_64-mingw32/nios2-elf/lib\libc.a(lib_a-memset.o)
 .data          0x0000000008012ee4        0x0 f:/quartus_18/nios2eds/bin/gnu/h-x86_64-mingw32/bin/../lib/gcc/nios2-elf/5.3.0/../../../../../H-x86_64-mingw32/nios2-elf/lib\libc.a(lib_a-openr.o)
 .data          0x0000000008012ee4        0x0 f:/quartus_18/nios2eds/bin/gnu/h-x86_64-mingw32/bin/../lib/gcc/nios2-elf/5.3.0/../../../../../H-x86_64-mingw32/nios2-elf/lib\libc.a(lib_a-puts.o)
 .data          0x0000000008012ee4        0x0 f:/quartus_18/nios2eds/bin/gnu/h-x86_64-mingw32/bin/../lib/gcc/nios2-elf/5.3.0/../../../../../H-x86_64-mingw32/nios2-elf/lib\libc.a(lib_a-refill.o)
 .data          0x0000000008012ee4        0x0 f:/quartus_18/nios2eds/bin/gnu/h-x86_64-mingw32/bin/../lib/gcc/nios2-elf/5.3.0/../../../../../H-x86_64-mingw32/nios2-elf/lib\libc.a(lib_a-sbrkr.o)
 .data          0x0000000008012ee4        0x0 f:/quartus_18/nios2eds/bin/gnu/h-x86_64-mingw32/bin/../lib/gcc/nios2-elf/5.3.0/../../../../../H-x86_64-mingw32/nios2-elf/lib\libc.a(lib_a-stdio.o)
 .data          0x0000000008012ee4        0x0 f:/quartus_18/nios2eds/bin/gnu/h-x86_64-mingw32/bin/../lib/gcc/nios2-elf/5.3.0/../../../../../H-x86_64-mingw32/nios2-elf/lib\libc.a(lib_a-strlen.o)
 .data          0x0000000008012ee4        0x0 f:/quartus_18/nios2eds/bin/gnu/h-x86_64-mingw32/bin/../lib/gcc/nios2-elf/5.3.0/../../../../../H-x86_64-mingw32/nios2-elf/lib\libc.a(lib_a-utoa.o)
 .data          0x0000000008012ee4        0x0 f:/quartus_18/nios2eds/bin/gnu/h-x86_64-mingw32/bin/../lib/gcc/nios2-elf/5.3.0/../../../../../H-x86_64-mingw32/nios2-elf/lib\libc.a(lib_a-vfprintf.o)
 .data          0x0000000008012ee4        0x0 f:/quartus_18/nios2eds/bin/gnu/h-x86_64-mingw32/bin/../lib/gcc/nios2-elf/5.3.0/../../../../../H-x86_64-mingw32/nios2-elf/lib\libc.a(lib_a-writer.o)
 .data          0x0000000008012ee4        0x0 f:/quartus_18/nios2eds/bin/gnu/h-x86_64-mingw32/bin/../lib/gcc/nios2-elf/5.3.0/../../../../../H-x86_64-mingw32/nios2-elf/lib\libc.a(lib_a-wsetup.o)
 .data          0x0000000008012ee4        0x0 f:/quartus_18/nios2eds/bin/gnu/h-x86_64-mingw32/bin/../lib/gcc/nios2-elf/5.3.0/../../../../../H-x86_64-mingw32/nios2-elf/lib\libc.a(closer.o)
 .data          0x0000000008012ee4        0x0 f:/quartus_18/nios2eds/bin/gnu/h-x86_64-mingw32/bin/../lib/gcc/nios2-elf/5.3.0/../../../../../H-x86_64-mingw32/nios2-elf/lib\libc.a(lib_a-dtoa.o)
 .data          0x0000000008012ee4        0x0 f:/quartus_18/nios2eds/bin/gnu/h-x86_64-mingw32/bin/../lib/gcc/nios2-elf/5.3.0/../../../../../H-x86_64-mingw32/nios2-elf/lib\libc.a(lib_a-flags.o)
 .data          0x0000000008012ee4        0x0 f:/quartus_18/nios2eds/bin/gnu/h-x86_64-mingw32/bin/../lib/gcc/nios2-elf/5.3.0/../../../../../H-x86_64-mingw32/nios2-elf/lib\libc.a(lib_a-fvwrite.o)
 .data          0x0000000008012ee4        0x0 f:/quartus_18/nios2eds/bin/gnu/h-x86_64-mingw32/bin/../lib/gcc/nios2-elf/5.3.0/../../../../../H-x86_64-mingw32/nios2-elf/lib\libc.a(lib_a-isattyr.o)
 .data          0x0000000008012ee4        0x0 f:/quartus_18/nios2eds/bin/gnu/h-x86_64-mingw32/bin/../lib/gcc/nios2-elf/5.3.0/../../../../../H-x86_64-mingw32/nios2-elf/lib\libc.a(lib_a-locale.o)
 .data.lc_message_charset
                0x0000000008012ee4       0x20 f:/quartus_18/nios2eds/bin/gnu/h-x86_64-mingw32/bin/../lib/gcc/nios2-elf/5.3.0/../../../../../H-x86_64-mingw32/nios2-elf/lib\libc.a(lib_a-locale.o)
 .data.lc_ctype_charset
                0x0000000008012f04       0x20 f:/quartus_18/nios2eds/bin/gnu/h-x86_64-mingw32/bin/../lib/gcc/nios2-elf/5.3.0/../../../../../H-x86_64-mingw32/nios2-elf/lib\libc.a(lib_a-locale.o)
 .data.lconv    0x0000000008012f24       0x38 f:/quartus_18/nios2eds/bin/gnu/h-x86_64-mingw32/bin/../lib/gcc/nios2-elf/5.3.0/../../../../../H-x86_64-mingw32/nios2-elf/lib\libc.a(lib_a-locale.o)
 .data          0x0000000008012f5c        0x0 f:/quartus_18/nios2eds/bin/gnu/h-x86_64-mingw32/bin/../lib/gcc/nios2-elf/5.3.0/../../../../../H-x86_64-mingw32/nios2-elf/lib\libc.a(lib_a-lseekr.o)
 .data          0x0000000008012f5c        0x0 f:/quartus_18/nios2eds/bin/gnu/h-x86_64-mingw32/bin/../lib/gcc/nios2-elf/5.3.0/../../../../../H-x86_64-mingw32/nios2-elf/lib\libc.a(lib_a-memchr.o)
 .data          0x0000000008012f5c        0x0 f:/quartus_18/nios2eds/bin/gnu/h-x86_64-mingw32/bin/../lib/gcc/nios2-elf/5.3.0/../../../../../H-x86_64-mingw32/nios2-elf/lib\libc.a(lib_a-memcpy.o)
 .data          0x0000000008012f5c        0x0 f:/quartus_18/nios2eds/bin/gnu/h-x86_64-mingw32/bin/../lib/gcc/nios2-elf/5.3.0/../../../../../H-x86_64-mingw32/nios2-elf/lib\libc.a(lib_a-memmove.o)
 .data          0x0000000008012f5c        0x0 f:/quartus_18/nios2eds/bin/gnu/h-x86_64-mingw32/bin/../lib/gcc/nios2-elf/5.3.0/../../../../../H-x86_64-mingw32/nios2-elf/lib\libc.a(lib_a-mprec.o)
 .data          0x0000000008012f5c        0x0 f:/quartus_18/nios2eds/bin/gnu/h-x86_64-mingw32/bin/../lib/gcc/nios2-elf/5.3.0/../../../../../H-x86_64-mingw32/nios2-elf/lib\libc.a(lib_a-readr.o)
 .data          0x0000000008012f5c        0x0 f:/quartus_18/nios2eds/bin/gnu/h-x86_64-mingw32/bin/../lib/gcc/nios2-elf/5.3.0/../../../../../H-x86_64-mingw32/nios2-elf/lib\libc.a(lib_a-reallocr.o)
 .data          0x0000000008012f5c        0x0 f:/quartus_18/nios2eds/bin/gnu/h-x86_64-mingw32/bin/../lib/gcc/nios2-elf/5.3.0/../../../../../H-x86_64-mingw32/nios2-elf/lib\libc.a(lib_a-s_fpclassify.o)
 .data          0x0000000008012f5c        0x0 f:/quartus_18/nios2eds/bin/gnu/h-x86_64-mingw32/bin/../lib/gcc/nios2-elf/5.3.0/../../../../../H-x86_64-mingw32/nios2-elf/lib\libc.a(lib_a-strcmp.o)
 .data          0x0000000008012f5c        0x0 f:/quartus_18/nios2eds/bin/gnu/h-x86_64-mingw32/bin/../lib/gcc/nios2-elf/5.3.0/../../../../../H-x86_64-mingw32/nios2-elf/lib\libc.a(lib_a-vfiprintf.o)
 .data          0x0000000008012f5c        0x0 f:/quartus_18/nios2eds/bin/gnu/h-x86_64-mingw32/bin/../lib/gcc/nios2-elf/5.3.0/../../../../../H-x86_64-mingw32/nios2-elf/lib\libc.a(lib_a-callocr.o)
 .data          0x0000000008012f5c        0x0 f:/quartus_18/nios2eds/bin/gnu/h-x86_64-mingw32/bin/../lib/gcc/nios2-elf/5.3.0/../../../../../H-x86_64-mingw32/nios2-elf/lib\libc.a(lib_a-fputwc.o)
 .data          0x0000000008012f5c        0x0 f:/quartus_18/nios2eds/bin/gnu/h-x86_64-mingw32/bin/../lib/gcc/nios2-elf/5.3.0/../../../../../H-x86_64-mingw32/nios2-elf/lib\libc.a(lib_a-wbuf.o)
 .data          0x0000000008012f5c        0x0 f:/quartus_18/nios2eds/bin/gnu/h-x86_64-mingw32/bin/../lib/gcc/nios2-elf/5.3.0/../../../../../H-x86_64-mingw32/nios2-elf/lib\libc.a(lib_a-wcrtomb.o)
 .data          0x0000000008012f5c        0x0 f:/quartus_18/nios2eds/bin/gnu/h-x86_64-mingw32/bin/../lib/gcc/nios2-elf/5.3.0/../../../../../H-x86_64-mingw32/nios2-elf/lib\libc.a(lib_a-wctomb_r.o)
 .data          0x0000000008012f5c        0x0 f:/quartus_18/nios2eds/bin/gnu/h-x86_64-mingw32/bin/../lib/gcc/nios2-elf/5.3.0\libgcc.a(_udivdi3.o)
 .data          0x0000000008012f5c        0x0 f:/quartus_18/nios2eds/bin/gnu/h-x86_64-mingw32/bin/../lib/gcc/nios2-elf/5.3.0\libgcc.a(_umoddi3.o)
 .data          0x0000000008012f5c        0x0 f:/quartus_18/nios2eds/bin/gnu/h-x86_64-mingw32/bin/../lib/gcc/nios2-elf/5.3.0\libgcc.a(lib2-divmod.o)
 .data          0x0000000008012f5c        0x0 f:/quartus_18/nios2eds/bin/gnu/h-x86_64-mingw32/bin/../lib/gcc/nios2-elf/5.3.0\libgcc.a(adddf3.o)
 .data          0x0000000008012f5c        0x0 f:/quartus_18/nios2eds/bin/gnu/h-x86_64-mingw32/bin/../lib/gcc/nios2-elf/5.3.0\libgcc.a(divdf3.o)
 .data          0x0000000008012f5c        0x0 f:/quartus_18/nios2eds/bin/gnu/h-x86_64-mingw32/bin/../lib/gcc/nios2-elf/5.3.0\libgcc.a(eqdf2.o)
 .data          0x0000000008012f5c        0x0 f:/quartus_18/nios2eds/bin/gnu/h-x86_64-mingw32/bin/../lib/gcc/nios2-elf/5.3.0\libgcc.a(gedf2.o)
 .data          0x0000000008012f5c        0x0 f:/quartus_18/nios2eds/bin/gnu/h-x86_64-mingw32/bin/../lib/gcc/nios2-elf/5.3.0\libgcc.a(ledf2.o)
 .data          0x0000000008012f5c        0x0 f:/quartus_18/nios2eds/bin/gnu/h-x86_64-mingw32/bin/../lib/gcc/nios2-elf/5.3.0\libgcc.a(muldf3.o)
 .data          0x0000000008012f5c        0x0 f:/quartus_18/nios2eds/bin/gnu/h-x86_64-mingw32/bin/../lib/gcc/nios2-elf/5.3.0\libgcc.a(subdf3.o)
 .data          0x0000000008012f5c        0x0 f:/quartus_18/nios2eds/bin/gnu/h-x86_64-mingw32/bin/../lib/gcc/nios2-elf/5.3.0\libgcc.a(fixdfsi.o)
 .data          0x0000000008012f5c        0x0 f:/quartus_18/nios2eds/bin/gnu/h-x86_64-mingw32/bin/../lib/gcc/nios2-elf/5.3.0\libgcc.a(floatsidf.o)
 .data          0x0000000008012f5c        0x0 f:/quartus_18/nios2eds/bin/gnu/h-x86_64-mingw32/bin/../lib/gcc/nios2-elf/5.3.0\libgcc.a(floatunsidf.o)
 .data          0x0000000008012f5c        0x0 ../NiosII_Screen_Reader_bsp/\libhal_bsp.a(alt_close.o)
 .data          0x0000000008012f5c      0x1a8 ../NiosII_Screen_Reader_bsp/\libhal_bsp.a(alt_dev.o)
                0x0000000008012f5c                alt_dev_null
                0x0000000008012f84                alt_fd_list
 .data          0x0000000008013104        0x0 ../NiosII_Screen_Reader_bsp/\libhal_bsp.a(alt_dev_llist_insert.o)
 .data          0x0000000008013104        0x0 ../NiosII_Screen_Reader_bsp/\libhal_bsp.a(alt_errno.o)
 .data          0x0000000008013104        0x0 ../NiosII_Screen_Reader_bsp/\libhal_bsp.a(alt_fs_reg.o)
 .data          0x0000000008013104        0x0 ../NiosII_Screen_Reader_bsp/\libhal_bsp.a(alt_fstat.o)
 .data          0x0000000008013104        0x0 ../NiosII_Screen_Reader_bsp/\libhal_bsp.a(alt_isatty.o)
 .data          0x0000000008013104        0x0 ../NiosII_Screen_Reader_bsp/\libhal_bsp.a(alt_load.o)
 .data          0x0000000008013104        0x0 ../NiosII_Screen_Reader_bsp/\libhal_bsp.a(alt_lseek.o)
 .data          0x0000000008013104        0x0 ../NiosII_Screen_Reader_bsp/\libhal_bsp.a(alt_main.o)
 .data          0x0000000008013104        0x0 ../NiosII_Screen_Reader_bsp/\libhal_bsp.a(alt_malloc_lock.o)
 .data          0x0000000008013104        0x0 ../NiosII_Screen_Reader_bsp/\libhal_bsp.a(alt_open.o)
 .data          0x0000000008013104        0x0 ../NiosII_Screen_Reader_bsp/\libhal_bsp.a(alt_read.o)
 .data          0x0000000008013104        0x0 ../NiosII_Screen_Reader_bsp/\libhal_bsp.a(alt_release_fd.o)
 .data          0x0000000008013104        0x0 ../NiosII_Screen_Reader_bsp/\libhal_bsp.a(alt_sbrk.o)
 .data          0x0000000008013104        0x0 ../NiosII_Screen_Reader_bsp/\libhal_bsp.a(alt_write.o)
 .data          0x0000000008013104        0x0 ../NiosII_Screen_Reader_bsp/\libhal_bsp.a(altera_nios2_gen2_irq.o)
 .data          0x0000000008013104        0x0 ../NiosII_Screen_Reader_bsp/\libhal_bsp.a(altera_avalon_jtag_uart_fd.o)
 .data          0x0000000008013104        0x0 ../NiosII_Screen_Reader_bsp/\libhal_bsp.a(altera_avalon_jtag_uart_init.o)
 .data          0x0000000008013104        0x0 ../NiosII_Screen_Reader_bsp/\libhal_bsp.a(altera_avalon_jtag_uart_ioctl.o)
 .data          0x0000000008013104        0x0 ../NiosII_Screen_Reader_bsp/\libhal_bsp.a(altera_avalon_jtag_uart_read.o)
 .data          0x0000000008013104        0x0 ../NiosII_Screen_Reader_bsp/\libhal_bsp.a(altera_avalon_jtag_uart_write.o)
 .data          0x0000000008013104        0x0 ../NiosII_Screen_Reader_bsp/\libhal_bsp.a(altera_hostfs.o)
 .data          0x0000000008013104        0x0 ../NiosII_Screen_Reader_bsp/\libhal_bsp.a(alt_alarm_start.o)
 .data          0x0000000008013104        0x0 ../NiosII_Screen_Reader_bsp/\libhal_bsp.a(alt_dcache_flush_all.o)
 .data          0x0000000008013104        0x0 ../NiosII_Screen_Reader_bsp/\libhal_bsp.a(alt_do_ctors.o)
 .data          0x0000000008013104        0x0 ../NiosII_Screen_Reader_bsp/\libhal_bsp.a(alt_do_dtors.o)
 .data          0x0000000008013104        0x0 ../NiosII_Screen_Reader_bsp/\libhal_bsp.a(alt_find_dev.o)
 .data          0x0000000008013104        0x0 ../NiosII_Screen_Reader_bsp/\libhal_bsp.a(alt_find_file.o)
 .data          0x0000000008013104        0x0 ../NiosII_Screen_Reader_bsp/\libhal_bsp.a(alt_get_fd.o)
 .data          0x0000000008013104        0x0 ../NiosII_Screen_Reader_bsp/\libhal_bsp.a(alt_icache_flush_all.o)
 .data          0x0000000008013104        0x0 ../NiosII_Screen_Reader_bsp/\libhal_bsp.a(alt_iic.o)
 .data          0x0000000008013104        0x0 ../NiosII_Screen_Reader_bsp/\libhal_bsp.a(alt_iic_isr_register.o)
 .data          0x0000000008013104        0x0 ../NiosII_Screen_Reader_bsp/\libhal_bsp.a(alt_io_redirect.o)
 .data          0x0000000008013104        0x0 ../NiosII_Screen_Reader_bsp/\libhal_bsp.a(alt_irq_entry.o)
 .data          0x0000000008013104        0x0 ../NiosII_Screen_Reader_bsp/\libhal_bsp.a(alt_irq_handler.o)
 .data          0x0000000008013104        0x0 ../NiosII_Screen_Reader_bsp/\libhal_bsp.a(alt_irq_vars.o)
 .data          0x0000000008013104        0x0 ../NiosII_Screen_Reader_bsp/\libhal_bsp.a(alt_tick.o)
 .data          0x0000000008013104        0x0 ../NiosII_Screen_Reader_bsp/\libhal_bsp.a(alt_exception_entry.o)
 .data          0x0000000008013104        0x0 ../NiosII_Screen_Reader_bsp/\libhal_bsp.a(alt_icache_flush.o)
 .data          0x0000000008013104        0x0 ../NiosII_Screen_Reader_bsp/\libhal_bsp.a(alt_instruction_exception_entry.o)
 .data          0x0000000008013104        0x0 f:/quartus_18/nios2eds/bin/gnu/h-x86_64-mingw32/bin/../lib/gcc/nios2-elf/5.3.0/../../../../../H-x86_64-mingw32/nios2-elf/lib\libc.a(lib_a-atexit.o)
 .data          0x0000000008013104        0x0 f:/quartus_18/nios2eds/bin/gnu/h-x86_64-mingw32/bin/../lib/gcc/nios2-elf/5.3.0/../../../../../H-x86_64-mingw32/nios2-elf/lib\libc.a(lib_a-exit.o)
 .data          0x0000000008013104        0x0 f:/quartus_18/nios2eds/bin/gnu/h-x86_64-mingw32/bin/../lib/gcc/nios2-elf/5.3.0/../../../../../H-x86_64-mingw32/nios2-elf/lib\libc.a(lib_a-memcmp.o)
 .data          0x0000000008013104        0x0 f:/quartus_18/nios2eds/bin/gnu/h-x86_64-mingw32/bin/../lib/gcc/nios2-elf/5.3.0/../../../../../H-x86_64-mingw32/nios2-elf/lib\libc.a(lib_a-__atexit.o)
 .data          0x0000000008013104        0x0 f:/quartus_18/nios2eds/bin/gnu/h-x86_64-mingw32/bin/../lib/gcc/nios2-elf/5.3.0/../../../../../H-x86_64-mingw32/nios2-elf/lib\libc.a(lib_a-__call_atexit.o)
 .data          0x0000000008013104        0x0 ../NiosII_Screen_Reader_bsp/\libhal_bsp.a(alt_exit.o)
                0x000000000801b104                _gp = ABSOLUTE ((. + 0x8000))
                [!provide]                        PROVIDE (gp, _gp)
 *(.rwdata .rwdata.*)
 *(.sdata .sdata.* .gnu.linkonce.s.*)
 .sdata._global_impure_ptr
                0x0000000008013104        0x4 f:/quartus_18/nios2eds/bin/gnu/h-x86_64-mingw32/bin/../lib/gcc/nios2-elf/5.3.0/../../../../../H-x86_64-mingw32/nios2-elf/lib\libc.a(lib_a-impure.o)
                0x0000000008013104                _global_impure_ptr
 .sdata._impure_ptr
                0x0000000008013108        0x4 f:/quartus_18/nios2eds/bin/gnu/h-x86_64-mingw32/bin/../lib/gcc/nios2-elf/5.3.0/../../../../../H-x86_64-mingw32/nios2-elf/lib\libc.a(lib_a-impure.o)
                0x0000000008013108                _impure_ptr
 .sdata.__malloc_sbrk_base
                0x000000000801310c        0x4 f:/quartus_18/nios2eds/bin/gnu/h-x86_64-mingw32/bin/../lib/gcc/nios2-elf/5.3.0/../../../../../H-x86_64-mingw32/nios2-elf/lib\libc.a(lib_a-mallocr.o)
                0x000000000801310c                __malloc_sbrk_base
 .sdata.__malloc_trim_threshold
                0x0000000008013110        0x4 f:/quartus_18/nios2eds/bin/gnu/h-x86_64-mingw32/bin/../lib/gcc/nios2-elf/5.3.0/../../../../../H-x86_64-mingw32/nios2-elf/lib\libc.a(lib_a-mallocr.o)
                0x0000000008013110                __malloc_trim_threshold
 .sdata.__mb_cur_max
                0x0000000008013114        0x4 f:/quartus_18/nios2eds/bin/gnu/h-x86_64-mingw32/bin/../lib/gcc/nios2-elf/5.3.0/../../../../../H-x86_64-mingw32/nios2-elf/lib\libc.a(lib_a-locale.o)
                0x0000000008013114                __mb_cur_max
 .sdata.__wctomb
                0x0000000008013118        0x4 f:/quartus_18/nios2eds/bin/gnu/h-x86_64-mingw32/bin/../lib/gcc/nios2-elf/5.3.0/../../../../../H-x86_64-mingw32/nios2-elf/lib\libc.a(lib_a-wctomb_r.o)
                0x0000000008013118                __wctomb
 .sdata         0x000000000801311c       0x14 ../NiosII_Screen_Reader_bsp/\libhal_bsp.a(alt_dev.o)
                0x000000000801311c                alt_fs_list
                0x0000000008013124                alt_dev_list
                0x000000000801312c                alt_max_fd
 .sdata         0x0000000008013130        0x4 ../NiosII_Screen_Reader_bsp/\libhal_bsp.a(alt_errno.o)
                0x0000000008013130                alt_errno
 .sdata         0x0000000008013134        0x4 ../NiosII_Screen_Reader_bsp/\libhal_bsp.a(alt_sbrk.o)
 .sdata         0x0000000008013138       0x46 ../NiosII_Screen_Reader_bsp/\libhal_bsp.a(altera_hostfs.o)
 *fill*         0x000000000801317e        0x2 
 .sdata         0x0000000008013180        0x4 ../NiosII_Screen_Reader_bsp/\libhal_bsp.a(alt_irq_vars.o)
                0x0000000008013180                alt_priority_mask
 .sdata         0x0000000008013184        0x8 ../NiosII_Screen_Reader_bsp/\libhal_bsp.a(alt_tick.o)
                0x0000000008013184                alt_alarm_list
 *(.sdata2 .sdata2.* .gnu.linkonce.s2.*)
                0x000000000801318c                . = ALIGN (0x4)
                0x000000000801318c                _edata = ABSOLUTE (.)
                [!provide]                        PROVIDE (edata, ABSOLUTE (.))
                0x000000000801318c                PROVIDE (__ram_rwdata_end, ABSOLUTE (.))
                0x000000000801318c                PROVIDE (__flash_rwdata_start, LOADADDR (.rwdata))

.bss            0x0000000008014ce8      0x160
                0x0000000008014ce8                __bss_start = ABSOLUTE (.)
                [!provide]                        PROVIDE (__sbss_start, ABSOLUTE (.))
                [!provide]                        PROVIDE (___sbss_start, ABSOLUTE (.))
 *(.dynsbss)
 *(.sbss .sbss.* .gnu.linkonce.sb.*)
 .sbss          0x0000000008014ce8        0x4 f:/quartus_18/nios2eds/bin/gnu/h-x86_64-mingw32/bin/../lib/gcc/nios2-elf/5.3.0/../../../../../H-x86_64-mingw32/nios2-elf/lib\libc.a(lib_a-int_errno.o)
                0x0000000008014ce8                errno
 .sbss.__malloc_max_total_mem
                0x0000000008014cec        0x4 f:/quartus_18/nios2eds/bin/gnu/h-x86_64-mingw32/bin/../lib/gcc/nios2-elf/5.3.0/../../../../../H-x86_64-mingw32/nios2-elf/lib\libc.a(lib_a-mallocr.o)
                0x0000000008014cec                __malloc_max_total_mem
 .sbss.__malloc_max_sbrked_mem
                0x0000000008014cf0        0x4 f:/quartus_18/nios2eds/bin/gnu/h-x86_64-mingw32/bin/../lib/gcc/nios2-elf/5.3.0/../../../../../H-x86_64-mingw32/nios2-elf/lib\libc.a(lib_a-mallocr.o)
                0x0000000008014cf0                __malloc_max_sbrked_mem
 .sbss.__malloc_top_pad
                0x0000000008014cf4        0x4 f:/quartus_18/nios2eds/bin/gnu/h-x86_64-mingw32/bin/../lib/gcc/nios2-elf/5.3.0/../../../../../H-x86_64-mingw32/nios2-elf/lib\libc.a(lib_a-mallocr.o)
                0x0000000008014cf4                __malloc_top_pad
 .sbss._PathLocale
                0x0000000008014cf8        0x4 f:/quartus_18/nios2eds/bin/gnu/h-x86_64-mingw32/bin/../lib/gcc/nios2-elf/5.3.0/../../../../../H-x86_64-mingw32/nios2-elf/lib\libc.a(lib_a-locale.o)
                0x0000000008014cf8                _PathLocale
 .sbss.__mlocale_changed
                0x0000000008014cfc        0x4 f:/quartus_18/nios2eds/bin/gnu/h-x86_64-mingw32/bin/../lib/gcc/nios2-elf/5.3.0/../../../../../H-x86_64-mingw32/nios2-elf/lib\libc.a(lib_a-locale.o)
                0x0000000008014cfc                __mlocale_changed
 .sbss.__nlocale_changed
                0x0000000008014d00        0x4 f:/quartus_18/nios2eds/bin/gnu/h-x86_64-mingw32/bin/../lib/gcc/nios2-elf/5.3.0/../../../../../H-x86_64-mingw32/nios2-elf/lib\libc.a(lib_a-locale.o)
                0x0000000008014d00                __nlocale_changed
 .sbss          0x0000000008014d04        0xc ../NiosII_Screen_Reader_bsp/\libhal_bsp.a(alt_main.o)
                0x0000000008014d04                alt_argc
                0x0000000008014d08                alt_argv
                0x0000000008014d0c                alt_envp
 .sbss          0x0000000008014d10        0x4 ../NiosII_Screen_Reader_bsp/\libhal_bsp.a(alt_irq_vars.o)
                0x0000000008014d10                alt_irq_active
 .sbss          0x0000000008014d14        0x8 ../NiosII_Screen_Reader_bsp/\libhal_bsp.a(alt_tick.o)
                0x0000000008014d14                _alt_tick_rate
                0x0000000008014d18                _alt_nticks
 .sbss          0x0000000008014d1c        0x4 ../NiosII_Screen_Reader_bsp/\libhal_bsp.a(alt_instruction_exception_entry.o)
                0x0000000008014d1c                alt_instruction_exception_handler
 *(.sbss2 .sbss2.* .gnu.linkonce.sb2.*)
 *(.scommon)
                [!provide]                        PROVIDE (__sbss_end, ABSOLUTE (.))
                [!provide]                        PROVIDE (___sbss_end, ABSOLUTE (.))
 *(.dynbss)
 *(.bss .bss.* .gnu.linkonce.b.*)
 .bss           0x0000000008014d20        0x0 ../NiosII_Screen_Reader_bsp//obj/HAL/src/crt0.o
 .bss           0x0000000008014d20        0x0 obj/default/main.o
 .bss           0x0000000008014d20        0x0 f:/quartus_18/nios2eds/bin/gnu/h-x86_64-mingw32/bin/../lib/gcc/nios2-elf/5.3.0\libgcc.a(_fixunssfsi.o)
 .bss           0x0000000008014d20        0x0 f:/quartus_18/nios2eds/bin/gnu/h-x86_64-mingw32/bin/../lib/gcc/nios2-elf/5.3.0\libgcc.a(divsf3.o)
 .bss           0x0000000008014d20        0x0 f:/quartus_18/nios2eds/bin/gnu/h-x86_64-mingw32/bin/../lib/gcc/nios2-elf/5.3.0\libgcc.a(gesf2.o)
 .bss           0x0000000008014d20        0x0 f:/quartus_18/nios2eds/bin/gnu/h-x86_64-mingw32/bin/../lib/gcc/nios2-elf/5.3.0\libgcc.a(mulsf3.o)
 .bss           0x0000000008014d20        0x0 f:/quartus_18/nios2eds/bin/gnu/h-x86_64-mingw32/bin/../lib/gcc/nios2-elf/5.3.0\libgcc.a(subsf3.o)
 .bss           0x0000000008014d20        0x0 f:/quartus_18/nios2eds/bin/gnu/h-x86_64-mingw32/bin/../lib/gcc/nios2-elf/5.3.0\libgcc.a(fixsfsi.o)
 .bss           0x0000000008014d20        0x0 f:/quartus_18/nios2eds/bin/gnu/h-x86_64-mingw32/bin/../lib/gcc/nios2-elf/5.3.0\libgcc.a(floatsisf.o)
 .bss           0x0000000008014d20        0x0 f:/quartus_18/nios2eds/bin/gnu/h-x86_64-mingw32/bin/../lib/gcc/nios2-elf/5.3.0\libgcc.a(_clzsi2.o)
 .bss           0x0000000008014d20        0x0 f:/quartus_18/nios2eds/bin/gnu/h-x86_64-mingw32/bin/../lib/gcc/nios2-elf/5.3.0\libgcc.a(_clz.o)
 .bss           0x0000000008014d20        0x0 f:/quartus_18/nios2eds/bin/gnu/h-x86_64-mingw32/bin/../lib/gcc/nios2-elf/5.3.0/../../../../../H-x86_64-mingw32/nios2-elf/lib\libc.a(lib_a-fclose.o)
 .bss           0x0000000008014d20        0x0 f:/quartus_18/nios2eds/bin/gnu/h-x86_64-mingw32/bin/../lib/gcc/nios2-elf/5.3.0/../../../../../H-x86_64-mingw32/nios2-elf/lib\libc.a(lib_a-fflush.o)
 .bss           0x0000000008014d20        0x0 f:/quartus_18/nios2eds/bin/gnu/h-x86_64-mingw32/bin/../lib/gcc/nios2-elf/5.3.0/../../../../../H-x86_64-mingw32/nios2-elf/lib\libc.a(lib_a-findfp.o)
 .bss           0x0000000008014d20        0x0 f:/quartus_18/nios2eds/bin/gnu/h-x86_64-mingw32/bin/../lib/gcc/nios2-elf/5.3.0/../../../../../H-x86_64-mingw32/nios2-elf/lib\libc.a(lib_a-fopen.o)
 .bss           0x0000000008014d20        0x0 f:/quartus_18/nios2eds/bin/gnu/h-x86_64-mingw32/bin/../lib/gcc/nios2-elf/5.3.0/../../../../../H-x86_64-mingw32/nios2-elf/lib\libc.a(lib_a-fprintf.o)